* This is the StructMobWeight report file that is output every time the server starts.
* 
* Spawn Balance Utility (SBU) will use this file ONLY if it is renamed to StructMobWeight.csv.
* Lines starting with '*' are comments and ignored
* It allows you to add and remove mobs and adjust their spawnweights for Structures
* like shipwrecks, nether fortresses, water monuments, etc.
* 
1, structory:abandoned_camp, HEADING, header:ignore, 0, 0, 0
2, structory:abandoned_chapel, HEADING, header:ignore, 0, 0, 0
3, idas:abandoned_lighthouse, HEADING, header:ignore, 0, 0, 0
4, dungeons_arise:abandoned_temple, HEADING, header:ignore, 0, 0, 0
5, idas:abandoned_vineyard, HEADING, header:ignore, 0, 0, 0
6, idas:abandonedhouse, HEADING, header:ignore, 0, 0, 0
7, mvs:acacia_log_pile, HEADING, header:ignore, 0, 0, 0
8, mvs:acacia_tree, HEADING, header:ignore, 0, 0, 0
9, mvs:acacia_well, HEADING, header:ignore, 0, 0, 0
10, cataclysm:acropolis, HEADING, header:ignore, 0, 0, 0
11, dungeons_plus:advanced_dungeon, HEADING, header:ignore, 0, 0, 0
12, bloxysstructures:adventure_trail_dungeon, HEADING, header:ignore, 0, 0, 0
13, graveyard:altar, HEADING, header:ignore, 0, 0, 0
14, minecraft:ancient_city, HEADING, header:ignore, 0, 0, 0
15, bloxysstructures:ancient_city_adventure_realm, HEADING, header:ignore, 0, 0, 0
16, cataclysm:ancient_factory, HEADING, header:ignore, 0, 0, 0
17, idas:ancient_mines, HEADING, header:ignore, 0, 0, 0
18, idas:ancient_mines, MONSTER, quark:wraith, 1, 1, 1
19, idas:ancient_portal/ancient_portal, HEADING, header:ignore, 0, 0, 0
20, idas:ancient_portal/ancient_portal, MONSTER, quark:wraith, 3, 1, 4
21, idas:ancient_portal/nether_ancient_portal, HEADING, header:ignore, 0, 0, 0
22, idas:ancient_portal/nether_ancient_portal, MONSTER, quark:wraith, 10, 1, 1
23, idas:ancient_statue/ancient_statue_desert, HEADING, header:ignore, 0, 0, 0
24, idas:ancient_statue/ancient_statue_jungle, HEADING, header:ignore, 0, 0, 0
25, idas:ancient_statue/ancient_statue_plains, HEADING, header:ignore, 0, 0, 0
26, ati_structures:ancient_temple, HEADING, header:ignore, 0, 0, 0
27, ati_structures:ancient_vessel, HEADING, header:ignore, 0, 0, 0
28, philipsbiomefeatures:andesite_rocks, HEADING, header:ignore, 0, 0, 0
29, idas:animal_den/forest_den, HEADING, header:ignore, 0, 0, 0
30, idas:animal_den/foxhound_den, HEADING, header:ignore, 0, 0, 0
31, idas:animal_den/polar_bear_den, HEADING, header:ignore, 0, 0, 0
32, idas:apothecary_abode, HEADING, header:ignore, 0, 0, 0
33, ati_structures:arachnid_dwelling, HEADING, header:ignore, 0, 0, 0
34, idas:ars_nouveau/archmages_tower, HEADING, header:ignore, 0, 0, 0
35, ati_structures:ati_stoneworks, HEADING, header:ignore, 0, 0, 0
36, dungeons_arise:aviary, HEADING, header:ignore, 0, 0, 0
37, mvs:azelea_house, HEADING, header:ignore, 0, 0, 0
38, herobrine011840_dungeons:badlands_settlement, HEADING, header:ignore, 0, 0, 0
39, illager_siege_weapons:ballista, HEADING, header:ignore, 0, 0, 0
40, cold:bamboo_chair, HEADING, header:ignore, 0, 0, 0
41, formationsoverworld:bamboo_hut, HEADING, header:ignore, 0, 0, 0
42, compatstructures:banana_palm, HEADING, header:ignore, 0, 0, 0
43, dungeons_arise:bandit_towers, HEADING, header:ignore, 0, 0, 0
44, dungeons_arise:bandit_village, HEADING, header:ignore, 0, 0, 0
45, mvs:barn, HEADING, header:ignore, 0, 0, 0
46, moraymobs:basalt_sanctuary, HEADING, header:ignore, 0, 0, 0
47, takesapillage:bastille, HEADING, header:ignore, 0, 0, 0
48, minecraft:bastion_remnant, HEADING, header:ignore, 0, 0, 0
49, dungeons_arise:bathhouse, HEADING, header:ignore, 0, 0, 0
50, illager_siege_weapons:battering_ram, HEADING, header:ignore, 0, 0, 0
51, battle_shrines:battle_shrine, HEADING, header:ignore, 0, 0, 0
52, new_classic_battle_towers:battletower_1, HEADING, header:ignore, 0, 0, 0
53, new_classic_battle_towers:battletower_2, HEADING, header:ignore, 0, 0, 0
54, idas:bazaar, HEADING, header:ignore, 0, 0, 0
55, mvs:beach_bar, HEADING, header:ignore, 0, 0, 0
56, idas:bearclaw_inn, HEADING, header:ignore, 0, 0, 0
57, mvs:bee_dome, HEADING, header:ignore, 0, 0, 0
58, idas:beekeepers_house, HEADING, header:ignore, 0, 0, 0
59, mvs:bench, HEADING, header:ignore, 0, 0, 0
60, mvs:big_oak_tree, HEADING, header:ignore, 0, 0, 0
61, pumpeddesertremake:big_sakul, HEADING, header:ignore, 0, 0, 0
62, valhelsia_structures:big_tree, HEADING, header:ignore, 0, 0, 0
63, nostalgic_structures:bigbrickpyramid, HEADING, header:ignore, 0, 0, 0
64, nostalgic_structures:bigmossypyramid, HEADING, header:ignore, 0, 0, 0
65, mvs:birch_log_pile, HEADING, header:ignore, 0, 0, 0
66, mvs:birch_tree, HEADING, header:ignore, 0, 0, 0
67, mvs:birch_well, HEADING, header:ignore, 0, 0, 0
68, grim_kingdoms:blackridge_watch, HEADING, header:ignore, 0, 0, 0
69, 1_splatus:blaze_king_tower, HEADING, header:ignore, 0, 0, 0
70, cold:blossem, HEADING, header:ignore, 0, 0, 0
71, mvs:blue_stall, HEADING, header:ignore, 0, 0, 0
72, structory:boat, HEADING, header:ignore, 0, 0, 0
73, cold:bones, HEADING, header:ignore, 0, 0, 0
74, idas:botanist, HEADING, header:ignore, 0, 0, 0
75, mvs:boulder, HEADING, header:ignore, 0, 0, 0
76, moraymobs:bowfinpond, HEADING, header:ignore, 0, 0, 0
77, idas:brickhouse, HEADING, header:ignore, 0, 0, 0
78, cold:broken_sword, HEADING, header:ignore, 0, 0, 0
79, minecraft:buried_treasure, HEADING, header:ignore, 0, 0, 0
80, cataclysm:burning_arena, HEADING, header:ignore, 0, 0, 0
81, compatstructures:camp, HEADING, header:ignore, 0, 0, 0
82, cold:camp_fire, HEADING, header:ignore, 0, 0, 0
83, nakronastructure:camp_trap, HEADING, header:ignore, 0, 0, 0
84, formationsoverworld:campsite, HEADING, header:ignore, 0, 0, 0
85, mvs:campsite, HEADING, header:ignore, 0, 0, 0
86, compatstructures:carousel, HEADING, header:ignore, 0, 0, 0
87, mvs:cart, HEADING, header:ignore, 0, 0, 0
88, mvs:cartographer_tower, HEADING, header:ignore, 0, 0, 0
89, ati_structures:castillo, HEADING, header:ignore, 0, 0, 0
90, idas:castle, HEADING, header:ignore, 0, 0, 0
91, valhelsia_structures:castle, HEADING, header:ignore, 0, 0, 0
92, castle_dungeons:castle_illager_desert, HEADING, header:ignore, 0, 0, 0
93, castle_dungeons:castle_illager_plains, HEADING, header:ignore, 0, 0, 0
94, valhelsia_structures:castle_ruin, HEADING, header:ignore, 0, 0, 0
95, mvs:castle_ruins, HEADING, header:ignore, 0, 0, 0
96, threateningly_mobs:castylosaurus_nest, HEADING, header:ignore, 0, 0, 0
97, darkerdepths:catacombs, HEADING, header:ignore, 0, 0, 0
98, ati_structures:catalonian_castle, HEADING, header:ignore, 0, 0, 0
99, illager_siege_weapons:catapult, HEADING, header:ignore, 0, 0, 0
100, mvs:cathedral, HEADING, header:ignore, 0, 0, 0
101, create_pillagers_arise:cathedral_create, HEADING, header:ignore, 0, 0, 0
102, dungeons_arise:ceryneian_hind, HEADING, header:ignore, 0, 0, 0
103, mvs:cherry_tree, HEADING, header:ignore, 0, 0, 0
104, nakronastructure:chestrap, HEADING, header:ignore, 0, 0, 0
105, nakronastructure:chestrap_2, HEADING, header:ignore, 0, 0, 0
106, born_in_chaos_v1:clown_caravan_plains, HEADING, header:ignore, 0, 0, 0
107, born_in_chaos_v1:clown_caravan_savanna, HEADING, header:ignore, 0, 0, 0
108, born_in_chaos_v1:clown_caravan_taiga, HEADING, header:ignore, 0, 0, 0
109, formationsoverworld:cobble_hole, HEADING, header:ignore, 0, 0, 0
110, nakronastructure:cobblestone_pyramid, HEADING, header:ignore, 0, 0, 0
111, nostalgic_structures:cobblestonepillar, HEADING, header:ignore, 0, 0, 0
112, dungeons_arise:coliseum, HEADING, header:ignore, 0, 0, 0
113, idas:collectors_museum, HEADING, header:ignore, 0, 0, 0
114, formationsoverworld:copper_spire, HEADING, header:ignore, 0, 0, 0
115, dungeons_arise_seven_seas:corsair_corvette, HEADING, header:ignore, 0, 0, 0
116, idas:cottage, HEADING, header:ignore, 0, 0, 0
117, create_pillagers_arise:createchinatower, HEADING, header:ignore, 0, 0, 0
118, create_pillagers_arise:createpillagerblimp, HEADING, header:ignore, 0, 0, 0
119, create_pillagers_arise:createpillagercamp, HEADING, header:ignore, 0, 0, 0
120, create_pillagers_arise:createpillagerfortgate, HEADING, header:ignore, 0, 0, 0
121, create_pillagers_arise:createpillagerhousesmall, HEADING, header:ignore, 0, 0, 0
122, create_pillagers_arise:createpillageroutpost, HEADING, header:ignore, 0, 0, 0
123, create_pillagers_arise:createpillagersmallhouse, HEADING, header:ignore, 0, 0, 0
124, create_pillagers_arise:createpillagervillage, HEADING, header:ignore, 0, 0, 0
125, cold:crimsan_camp_fire, HEADING, header:ignore, 0, 0, 0
126, mvs:crimson_enchanting_table, HEADING, header:ignore, 0, 0, 0
127, graveyard:crypt, HEADING, header:ignore, 0, 0, 0
128, graveyard:crypt, MONSTER, graveyard:acolyte, 25, 1, 1
129, graveyard:crypt, MONSTER, graveyard:corrupted_vindicator, 35, 1, 3
130, graveyard:crypt, MONSTER, graveyard:corrupted_pillager, 35, 1, 3
131, herobrine011840_dungeons:crypt, HEADING, header:ignore, 0, 0, 0
132, mvs:crystal, HEADING, header:ignore, 0, 0, 0
133, cataclysm:cursed_pyramid, HEADING, header:ignore, 0, 0, 0
134, compatstructures:dark_factory, HEADING, header:ignore, 0, 0, 0
135, ati_structures:dark_keep, HEADING, header:ignore, 0, 0, 0
136, mvs:dark_oak_log_pile, HEADING, header:ignore, 0, 0, 0
137, mvs:dark_oak_tree, HEADING, header:ignore, 0, 0, 0
138, mvs:dark_oak_well, HEADING, header:ignore, 0, 0, 0
139, ati_structures:dark_tower, HEADING, header:ignore, 0, 0, 0
140, born_in_chaos_v1:dark_tower_forest, HEADING, header:ignore, 0, 0, 0
141, born_in_chaos_v1:dark_tower_plain, HEADING, header:ignore, 0, 0, 0
142, born_in_chaos_v1:dark_tower_taiga, HEADING, header:ignore, 0, 0, 0
143, graveyard:dead_tree, HEADING, header:ignore, 0, 0, 0
144, mvs:dead_tree_acacia, HEADING, header:ignore, 0, 0, 0
145, mvs:dead_tree_birch, HEADING, header:ignore, 0, 0, 0
146, mvs:dead_tree_cherry, HEADING, header:ignore, 0, 0, 0
147, mvs:dead_tree_dark_oak, HEADING, header:ignore, 0, 0, 0
148, mvs:dead_tree_jungle, HEADING, header:ignore, 0, 0, 0
149, mvs:dead_tree_mangrove, HEADING, header:ignore, 0, 0, 0
150, mvs:dead_tree_oak, HEADING, header:ignore, 0, 0, 0
151, mvs:dead_tree_spruce, HEADING, header:ignore, 0, 0, 0
152, cold:deassert_ruins, HEADING, header:ignore, 0, 0, 0
153, grim_kingdoms:decrown_monolith, HEADING, header:ignore, 0, 0, 0
154, valhelsia_structures:deep_spawner_room, HEADING, header:ignore, 0, 0, 0
155, mvs:deepslate_house, HEADING, header:ignore, 0, 0, 0
156, ati_structures:deepslate_keep, HEADING, header:ignore, 0, 0, 0
157, structory:dense_forest_ruin, HEADING, header:ignore, 0, 0, 0
158, compatstructures:depot_train, HEADING, header:ignore, 0, 0, 0
159, pumpeddesertremake:desert_arena, HEADING, header:ignore, 0, 0, 0
160, idas:desert_camp/desert_camp, HEADING, header:ignore, 0, 0, 0
161, idas:desert_camp/desert_camp_bygwindswept, HEADING, header:ignore, 0, 0, 0
162, idas:desert_camp/desert_camp_orange, HEADING, header:ignore, 0, 0, 0
163, idas:desert_camp/desert_camp_red, HEADING, header:ignore, 0, 0, 0
164, dungeons_arise:desert_hall, HEADING, header:ignore, 0, 0, 0
165, mvs:desert_house, HEADING, header:ignore, 0, 0, 0
166, valhelsia_structures:desert_house, HEADING, header:ignore, 0, 0, 0
167, formationsoverworld:desert_houses, HEADING, header:ignore, 0, 0, 0
168, idas:desert_market/desert_market, HEADING, header:ignore, 0, 0, 0
169, idas:desert_market/desert_market_orange, HEADING, header:ignore, 0, 0, 0
170, idas:desert_market/desert_market_red, HEADING, header:ignore, 0, 0, 0
171, arthropocolypse:desert_nest, HEADING, header:ignore, 0, 0, 0
172, arthropocolypse:desert_nest, MONSTER, arthropocolypse:behemoth_desert_scorpion, 1, 1, 1
173, ati_structures:desert_outpost, HEADING, header:ignore, 0, 0, 0
174, mvs:desert_pump, HEADING, header:ignore, 0, 0, 0
175, idas:desert_pyramid, HEADING, header:ignore, 0, 0, 0
176, minecraft:desert_pyramid, HEADING, header:ignore, 0, 0, 0
177, idas:desert_ruins, HEADING, header:ignore, 0, 0, 0
178, mvs:desert_well, HEADING, header:ignore, 0, 0, 0
179, phenominae:deserttemplemonolith, HEADING, header:ignore, 0, 0, 0
180, desert_tomb:deserttomb, HEADING, header:ignore, 0, 0, 0
181, idas:dig_site/dig_site, HEADING, header:ignore, 0, 0, 0
182, idas:dig_site/dig_site_desert, HEADING, header:ignore, 0, 0, 0
183, philipsbiomefeatures:diorite_rocks, HEADING, header:ignore, 0, 0, 0
184, herobrine011840_dungeons:diorite_tower, HEADING, header:ignore, 0, 0, 0
185, nostalgic_structures:dirtbase, HEADING, header:ignore, 0, 0, 0
186, nostalgic_structures:dirthut, HEADING, header:ignore, 0, 0, 0
187, nostalgic_structures:dirtpillar, HEADING, header:ignore, 0, 0, 0
188, threateningly_mobs:distortion_village, HEADING, header:ignore, 0, 0, 0
189, dldungeonsjbg:dldungeon, HEADING, header:ignore, 0, 0, 0
190, ati_structures:dojo, HEADING, header:ignore, 0, 0, 0
191, threateningly_mobs:dracoscorpius_nest, HEADING, header:ignore, 0, 0, 0
192, mvs:duck, HEADING, header:ignore, 0, 0, 0
193, dungeoncrawl:dungeon, HEADING, header:ignore, 0, 0, 0
194, feur_dungeon_spawner:dungeon_cave_miner, HEADING, header:ignore, 0, 0, 0
195, feur_dungeon_spawner:dungeon_curse, HEADING, header:ignore, 0, 0, 0
196, feur_dungeon_spawner:dungeon_flame, HEADING, header:ignore, 0, 0, 0
197, feur_dungeon_spawner:dungeon_jail, HEADING, header:ignore, 0, 0, 0
198, feur_dungeon_spawner:dungeon_mineshaft, HEADING, header:ignore, 0, 0, 0
199, feur_dungeon_spawner:dungeon_spawner_crystal, HEADING, header:ignore, 0, 0, 0
200, feur_dungeon_spawner:dungeon_spawner_deepdark, HEADING, header:ignore, 0, 0, 0
201, feur_dungeon_spawner:dungeon_spawner_dripstone, HEADING, header:ignore, 0, 0, 0
202, feur_dungeon_spawner:dungeon_spawner_forest, HEADING, header:ignore, 0, 0, 0
203, feur_dungeon_spawner:dungeon_spawner_lush, HEADING, header:ignore, 0, 0, 0
204, feur_dungeon_spawner:dungeon_spawner_mine, HEADING, header:ignore, 0, 0, 0
205, feur_dungeon_spawner:dungeon_spawner_redstone, HEADING, header:ignore, 0, 0, 0
206, feur_dungeon_spawner:dungeon_spawner_skeleton, HEADING, header:ignore, 0, 0, 0
207, feur_dungeon_spawner:dungeon_spawner_spiders, HEADING, header:ignore, 0, 0, 0
208, feur_dungeon_spawner:dungeon_spawner_zombie, HEADING, header:ignore, 0, 0, 0
209, feur_dungeon_spawner:dungeon_tower, HEADING, header:ignore, 0, 0, 0
210, feur_dungeon_spawner:dungeon_tower_lush, HEADING, header:ignore, 0, 0, 0
211, feur_dungeon_spawner:dungeonrail, HEADING, header:ignore, 0, 0, 0
212, herobrine011840_dungeons:easydungeon, HEADING, header:ignore, 0, 0, 0
213, idas:enchantingtower, HEADING, header:ignore, 0, 0, 0
214, minecraft:end_city, HEADING, header:ignore, 0, 0, 0
215, minecraft:end_city, MONSTER, alexsmobs:mimicube, 40, 1, 3
216, cold:end_house, HEADING, header:ignore, 0, 0, 0
217, cold:end_pillar, HEADING, header:ignore, 0, 0, 0
218, mvs:end_scraps_1, HEADING, header:ignore, 0, 0, 0
219, mvs:end_scraps_2, HEADING, header:ignore, 0, 0, 0
220, mvs:end_scraps_3, HEADING, header:ignore, 0, 0, 0
221, mvs:end_scraps_4, HEADING, header:ignore, 0, 0, 0
222, mvs:end_well, HEADING, header:ignore, 0, 0, 0
223, 1_splatus:endcity_pyramid, HEADING, header:ignore, 0, 0, 0
224, towns_and_towers:exclusives/pillager_outpost_classic, HEADING, header:ignore, 0, 0, 0
225, towns_and_towers:exclusives/pillager_outpost_iberian, HEADING, header:ignore, 0, 0, 0
226, towns_and_towers:exclusives/pillager_outpost_mediterranean, HEADING, header:ignore, 0, 0, 0
227, towns_and_towers:exclusives/pillager_outpost_oriental, HEADING, header:ignore, 0, 0, 0
228, towns_and_towers:exclusives/pillager_outpost_rustic, HEADING, header:ignore, 0, 0, 0
229, towns_and_towers:exclusives/pillager_outpost_swedish, HEADING, header:ignore, 0, 0, 0
230, towns_and_towers:exclusives/pillager_outpost_tudor, HEADING, header:ignore, 0, 0, 0
231, towns_and_towers:exclusives/village_classic, HEADING, header:ignore, 0, 0, 0
232, towns_and_towers:exclusives/village_iberian, HEADING, header:ignore, 0, 0, 0
233, towns_and_towers:exclusives/village_mediterranean, HEADING, header:ignore, 0, 0, 0
234, towns_and_towers:exclusives/village_nilotic, HEADING, header:ignore, 0, 0, 0
235, towns_and_towers:exclusives/village_piglin, HEADING, header:ignore, 0, 0, 0
236, towns_and_towers:exclusives/village_rustic, HEADING, header:ignore, 0, 0, 0
237, towns_and_towers:exclusives/village_swedish, HEADING, header:ignore, 0, 0, 0
238, towns_and_towers:exclusives/village_tudor, HEADING, header:ignore, 0, 0, 0
239, towns_and_towers:exclusives/village_wandering_trader_camp, HEADING, header:ignore, 0, 0, 0
240, compatstructures:factory_andesite, HEADING, header:ignore, 0, 0, 0
241, compatstructures:factory_gold, HEADING, header:ignore, 0, 0, 0
242, compatstructures:factory_iron, HEADING, header:ignore, 0, 0, 0
243, compatstructures:factory_steam, HEADING, header:ignore, 0, 0, 0
244, nostalgic_structures:fakeaetherportal, HEADING, header:ignore, 0, 0, 0
245, nakronastructure:fallen_castle, HEADING, header:ignore, 0, 0, 0
246, pumpeddesertremake:fallensakull, HEADING, header:ignore, 0, 0, 0
247, born_in_chaos_v1:farm, HEADING, header:ignore, 0, 0, 0
248, nakronastructure:farm_traps, HEADING, header:ignore, 0, 0, 0
249, idas:farmhouse, HEADING, header:ignore, 0, 0, 0
250, formationsoverworld:farmland_field, HEADING, header:ignore, 0, 0, 0
251, mvs:fire_camp, HEADING, header:ignore, 0, 0, 0
252, threateningly_mobs:firelizard_nest, HEADING, header:ignore, 0, 0, 0
253, structory:firetower, HEADING, header:ignore, 0, 0, 0
254, born_in_chaos_v1:firewell, HEADING, header:ignore, 0, 0, 0
255, idas:fishermans_lodge, HEADING, header:ignore, 0, 0, 0
256, dungeons_arise:fishing_hut, HEADING, header:ignore, 0, 0, 0
257, mvs:floating_islands, HEADING, header:ignore, 0, 0, 0
258, mvs:flower_hole, HEADING, header:ignore, 0, 0, 0
259, threateningly_mobs:forestdrake_nest, HEADING, header:ignore, 0, 0, 0
260, threateningly_mobs:forestdungeon, HEADING, header:ignore, 0, 0, 0
261, valhelsia_structures:forge, HEADING, header:ignore, 0, 0, 0
262, ati_structures:fortified_temple, HEADING, header:ignore, 0, 0, 0
263, minecraft:fortress, HEADING, header:ignore, 0, 0, 0
264, minecraft:fortress, MONSTER, cataclysm:ignited_berserker, 5, 1, 1
265, dungeons_arise:foundry, HEADING, header:ignore, 0, 0, 0
266, formationsoverworld:fountain, HEADING, header:ignore, 0, 0, 0
267, mvs:fox_hut, HEADING, header:ignore, 0, 0, 0
268, grim_kingdoms:frostbloom_bastion, HEADING, header:ignore, 0, 0, 0
269, cataclysm:frosted_prison, HEADING, header:ignore, 0, 0, 0
270, mowziesmobs:frostmaw_spawn, HEADING, header:ignore, 0, 0, 0
271, idas:frozen_crypt, HEADING, header:ignore, 0, 0, 0
272, grim_kingdoms:frozen_onion_fort, HEADING, header:ignore, 0, 0, 0
273, mvs:gallows, HEADING, header:ignore, 0, 0, 0
274, dungeons_arise:giant_mushroom, HEADING, header:ignore, 0, 0, 0
275, graveyard:giant_mushroom, HEADING, header:ignore, 0, 0, 0
276, grim_kingdoms:glacierfall_keep, HEADING, header:ignore, 0, 0, 0
277, grim_kingdoms:glimmervault_fortress, HEADING, header:ignore, 0, 0, 0
278, ati_structures:gnome_hut, HEADING, header:ignore, 0, 0, 0
279, iceandfire:gorgon_temple, HEADING, header:ignore, 0, 0, 0
280, ati_structures:granite_fort, HEADING, header:ignore, 0, 0, 0
281, philipsbiomefeatures:granite_rocks, HEADING, header:ignore, 0, 0, 0
282, born_in_chaos_v1:grave_2003wise, HEADING, header:ignore, 0, 0, 0
283, born_in_chaos_v1:grave_2_dling, HEADING, header:ignore, 0, 0, 0
284, born_in_chaos_v1:grave_d_4rk_devil_x, HEADING, header:ignore, 0, 0, 0
285, born_in_chaos_v1:grave_darktitan, HEADING, header:ignore, 0, 0, 0
286, born_in_chaos_v1:grave_derivas, HEADING, header:ignore, 0, 0, 0
287, born_in_chaos_v1:grave_euthymia, HEADING, header:ignore, 0, 0, 0
288, born_in_chaos_v1:grave_feral, HEADING, header:ignore, 0, 0, 0
289, born_in_chaos_v1:grave_fubuki_banzai, HEADING, header:ignore, 0, 0, 0
290, born_in_chaos_v1:grave_memesus, HEADING, header:ignore, 0, 0, 0
291, born_in_chaos_v1:grave_mike_and_rory, HEADING, header:ignore, 0, 0, 0
292, born_in_chaos_v1:grave_nino_4416, HEADING, header:ignore, 0, 0, 0
293, born_in_chaos_v1:grave_orion, HEADING, header:ignore, 0, 0, 0
294, born_in_chaos_v1:grave_petasi, HEADING, header:ignore, 0, 0, 0
295, born_in_chaos_v1:grave_plug, HEADING, header:ignore, 0, 0, 0
296, born_in_chaos_v1:grave_rotborne, HEADING, header:ignore, 0, 0, 0
297, born_in_chaos_v1:grave_somfunambulist, HEADING, header:ignore, 0, 0, 0
298, born_in_chaos_v1:grave_tem_187, HEADING, header:ignore, 0, 0, 0
299, born_in_chaos_v1:grave_the_gentleman_frog, HEADING, header:ignore, 0, 0, 0
300, born_in_chaos_v1:gravecarrionexe, HEADING, header:ignore, 0, 0, 0
301, formationsoverworld:graveyard, HEADING, header:ignore, 0, 0, 0
302, iceandfire:graveyard, HEADING, header:ignore, 0, 0, 0
303, structory:graveyard, HEADING, header:ignore, 0, 0, 0
304, dungeons_arise:greenwood_pub, HEADING, header:ignore, 0, 0, 0
305, herobrine011840_dungeons:harddungeon, HEADING, header:ignore, 0, 0, 0
306, graveyard:haunted_house, HEADING, header:ignore, 0, 0, 0
307, idas:haunted_manor, HEADING, header:ignore, 0, 0, 0
308, idas:haunted_manor, MONSTER, quark:wraith, 3, 3, 4
309, ati_structures:haunted_ruin, HEADING, header:ignore, 0, 0, 0
310, mvs:haystack, HEADING, header:ignore, 0, 0, 0
311, compatstructures:heart, HEADING, header:ignore, 0, 0, 0
312, dungeons_arise:heavenly_challenger, HEADING, header:ignore, 0, 0, 0
313, dungeons_arise:heavenly_challenger, MONSTER, cataclysm:endermaptera, 3, 1, 1
314, dungeons_arise:heavenly_conqueror, HEADING, header:ignore, 0, 0, 0
315, dungeons_arise:heavenly_conqueror, MONSTER, cataclysm:endermaptera, 3, 1, 1
316, dungeons_arise:heavenly_rider, HEADING, header:ignore, 0, 0, 0
317, dungeons_arise:heavenly_rider, MONSTER, cataclysm:endermaptera, 3, 1, 1
318, idas:hermits_hollow, HEADING, header:ignore, 0, 0, 0
319, ati_structures:herobrine_stronghold, HEADING, header:ignore, 0, 0, 0
320, formationsoverworld:hobbit_hole, HEADING, header:ignore, 0, 0, 0
321, homeless_illager:homeless_illager_house, HEADING, header:ignore, 0, 0, 0
322, forsaken:homes/bricks, HEADING, header:ignore, 0, 0, 0
323, forsaken:homes/desert, HEADING, header:ignore, 0, 0, 0
324, forsaken:homes/mud, HEADING, header:ignore, 0, 0, 0
325, forsaken:homes/oak, HEADING, header:ignore, 0, 0, 0
326, forsaken:homes/oriental, HEADING, header:ignore, 0, 0, 0
327, forsaken:homes/snowy, HEADING, header:ignore, 0, 0, 0
328, forsaken:homes/spruce, HEADING, header:ignore, 0, 0, 0
329, forsaken:homes/turf, HEADING, header:ignore, 0, 0, 0
330, forsaken:homes/western, HEADING, header:ignore, 0, 0, 0
331, mvs:horse_campsite, HEADING, header:ignore, 0, 0, 0
332, mvs:horse_pen, HEADING, header:ignore, 0, 0, 0
333, mvs:house, HEADING, header:ignore, 0, 0, 0
334, nakronastructure:house_traps_1, HEADING, header:ignore, 0, 0, 0
335, nakronastructure:house_traps_2, HEADING, header:ignore, 0, 0, 0
336, compatstructures:hunter_fire_dragon, HEADING, header:ignore, 0, 0, 0
337, compatstructures:hunter_ice_dragon, HEADING, header:ignore, 0, 0, 0
338, compatstructures:hunter_light_dragon, HEADING, header:ignore, 0, 0, 0
339, compatstructures:hunter_myrmex, HEADING, header:ignore, 0, 0, 0
340, compatstructures:hunter_pixie, HEADING, header:ignore, 0, 0, 0
341, idas:hunters_cabin, HEADING, header:ignore, 0, 0, 0
342, formationsoverworld:ice_castle, HEADING, header:ignore, 0, 0, 0
343, formationsoverworld:ice_spire, HEADING, header:ignore, 0, 0, 0
344, ati_structures:ice_tribe, HEADING, header:ignore, 0, 0, 0
345, idas:iceandfire/dread_citadel, HEADING, header:ignore, 0, 0, 0
346, idas:iceandfire/sirens_cove, HEADING, header:ignore, 0, 0, 0
347, nostalgic_structures:ididntbuildthis, HEADING, header:ignore, 0, 0, 0
348, formationsoverworld:igloo, HEADING, header:ignore, 0, 0, 0
349, minecraft:igloo, HEADING, header:ignore, 0, 0, 0
350, illager_arena:illager_arena, HEADING, header:ignore, 0, 0, 0
351, dungeons_arise:illager_campsite, HEADING, header:ignore, 0, 0, 0
352, bloxysstructures:illager_castle_big, HEADING, header:ignore, 0, 0, 0
353, dungeons_arise:illager_corsair, HEADING, header:ignore, 0, 0, 0
354, dungeons_arise:illager_fort, HEADING, header:ignore, 0, 0, 0
355, illager_fortress:illager_fortress, HEADING, header:ignore, 0, 0, 0
356, dungeons_arise:illager_galley, HEADING, header:ignore, 0, 0, 0
357, ati_structures:illager_homestead, HEADING, header:ignore, 0, 0, 0
358, ati_structures:illager_tower, HEADING, header:ignore, 0, 0, 0
359, bloxysstructures:illager_village, HEADING, header:ignore, 0, 0, 0
360, dungeons_arise:illager_windmill, HEADING, header:ignore, 0, 0, 0
361, born_in_chaos_v1:infernal_pumpkin, HEADING, header:ignore, 0, 0, 0
362, dungeons_arise:infested_temple, HEADING, header:ignore, 0, 0, 0
363, ati_structures:jungle_grotto, HEADING, header:ignore, 0, 0, 0
364, mvs:jungle_log_pile, HEADING, header:ignore, 0, 0, 0
365, mvs:jungle_palm_tree, HEADING, header:ignore, 0, 0, 0
366, minecraft:jungle_pyramid, HEADING, header:ignore, 0, 0, 0
367, structory:jungle_ruin, HEADING, header:ignore, 0, 0, 0
368, ati_structures:jungle_settlement, HEADING, header:ignore, 0, 0, 0
369, mvs:jungle_tower, HEADING, header:ignore, 0, 0, 0
370, mvs:jungle_tree, HEADING, header:ignore, 0, 0, 0
371, dungeons_arise:jungle_tree_house, HEADING, header:ignore, 0, 0, 0
372, mvs:jungle_well, HEADING, header:ignore, 0, 0, 0
373, dungeons_arise:keep_kayra, HEADING, header:ignore, 0, 0, 0
374, dungeons_arise:kisegi_sanctuary, HEADING, header:ignore, 0, 0, 0
375, cataclysm:kobolediator_shrine, HEADING, header:ignore, 0, 0, 0
376, idas:labyrinth, HEADING, header:ignore, 0, 0, 0
377, mvs:lamp_chest, HEADING, header:ignore, 0, 0, 0
378, mvs:large_cart_1, HEADING, header:ignore, 0, 0, 0
379, mvs:large_cart_2, HEADING, header:ignore, 0, 0, 0
380, mvs:large_floating_island, HEADING, header:ignore, 0, 0, 0
381, graveyard:large_graveyard, HEADING, header:ignore, 0, 0, 0
382, graveyard:large_graveyard, MONSTER, graveyard:skeleton_creeper, 35, 1, 1
383, graveyard:large_graveyard, MONSTER, graveyard:revenant, 45, 1, 3
384, graveyard:large_graveyard, MONSTER, graveyard:ghoul, 50, 2, 4
385, compatstructures:large_island, HEADING, header:ignore, 0, 0, 0
386, mvs:large_mushroom, HEADING, header:ignore, 0, 0, 0
387, formationsoverworld:large_temple, HEADING, header:ignore, 0, 0, 0
388, mvs:large_warped_tower, HEADING, header:ignore, 0, 0, 0
389, mvs:lecturn_garden, HEADING, header:ignore, 0, 0, 0
390, graveyard:lich_prison, HEADING, header:ignore, 0, 0, 0
391, compatstructures:life_monument, HEADING, header:ignore, 0, 0, 0
392, ati_structures:lighthouse, HEADING, header:ignore, 0, 0, 0
393, dungeons_arise:lighthouse, HEADING, header:ignore, 0, 0, 0
394, mvs:log_ruin, HEADING, header:ignore, 0, 0, 0
395, formationsoverworld:log_shelter, HEADING, header:ignore, 0, 0, 0
396, formationsoverworld:log_spikes, HEADING, header:ignore, 0, 0, 0
397, nakronastructure:log_structure, HEADING, header:ignore, 0, 0, 0
398, herobrine011840_dungeons:lost_gardens, HEADING, header:ignore, 0, 0, 0
399, bonesupdate:lost_grave, HEADING, header:ignore, 0, 0, 0
400, bonesupdate:lost_grave, MONSTER, bonesupdate:minion, 10, 1, 5
401, compatstructures:lost_honey, HEADING, header:ignore, 0, 0, 0
402, idas:lumber_camp/lumber_camp_acacia, HEADING, header:ignore, 0, 0, 0
403, idas:lumber_camp/lumber_camp_birch, HEADING, header:ignore, 0, 0, 0
404, idas:lumber_camp/lumber_camp_bopmahogany, HEADING, header:ignore, 0, 0, 0
405, idas:lumber_camp/lumber_camp_bopredwood, HEADING, header:ignore, 0, 0, 0
406, idas:lumber_camp/lumber_camp_bygmahogany, HEADING, header:ignore, 0, 0, 0
407, idas:lumber_camp/lumber_camp_bygredwood, HEADING, header:ignore, 0, 0, 0
408, idas:lumber_camp/lumber_camp_dark_oak, HEADING, header:ignore, 0, 0, 0
409, idas:lumber_camp/lumber_camp_jungle, HEADING, header:ignore, 0, 0, 0
410, idas:lumber_camp/lumber_camp_oak, HEADING, header:ignore, 0, 0, 0
411, idas:lumber_camp/lumber_camp_spruce, HEADING, header:ignore, 0, 0, 0
412, ati_structures:manor, HEADING, header:ignore, 0, 0, 0
413, minecraft:mansion, HEADING, header:ignore, 0, 0, 0
414, ati_structures:marble_chateau, HEADING, header:ignore, 0, 0, 0
415, idas:mason_house, HEADING, header:ignore, 0, 0, 0
416, iceandfire:mausoleum, HEADING, header:ignore, 0, 0, 0
417, dungeons_arise:mechanical_nest, HEADING, header:ignore, 0, 0, 0
418, mvs:medium_bamboo_cart, HEADING, header:ignore, 0, 0, 0
419, graveyard:medium_graveyard, HEADING, header:ignore, 0, 0, 0
420, graveyard:medium_graveyard, MONSTER, graveyard:skeleton_creeper, 35, 1, 1
421, graveyard:medium_graveyard, MONSTER, graveyard:revenant, 45, 1, 3
422, graveyard:medium_graveyard, MONSTER, graveyard:ghoul, 50, 2, 4
423, mvs:medium_igloo_1, HEADING, header:ignore, 0, 0, 0
424, mvs:medium_igloo_2, HEADING, header:ignore, 0, 0, 0
425, mvs:medium_oak_lantern, HEADING, header:ignore, 0, 0, 0
426, castles_and_keeps:medium_tower, HEADING, header:ignore, 0, 0, 0
427, nostalgic_structures:mediumbrickpyramid, HEADING, header:ignore, 0, 0, 0
428, herobrine011840_dungeons:mediumdungeon, HEADING, header:ignore, 0, 0, 0
429, graveyard:memorial_tree, HEADING, header:ignore, 0, 0, 0
430, dungeons_arise:merchant_campsite, HEADING, header:ignore, 0, 0, 0
431, formationsoverworld:mesoamerican_temple, HEADING, header:ignore, 0, 0, 0
432, unusual_prehistory:mesozoic_fossil, HEADING, header:ignore, 0, 0, 0
433, formationsoverworld:meteor, HEADING, header:ignore, 0, 0, 0
434, towns_and_towers:mimic_desert, HEADING, header:ignore, 0, 0, 0
435, mvs:mine_with_campsite, HEADING, header:ignore, 0, 0, 0
436, minecraft:mineshaft, HEADING, header:ignore, 0, 0, 0
437, minecraft:mineshaft, AMBIENT, alexsmobs:underminer, 50, 1, 1
438, mvs:mineshaft, HEADING, header:ignore, 0, 0, 0
439, minecraft:mineshaft_mesa, HEADING, header:ignore, 0, 0, 0
440, minecraft:mineshaft_mesa, AMBIENT, alexsmobs:underminer, 50, 1, 1
441, dungeons_arise:mining_complex, HEADING, header:ignore, 0, 0, 0
442, dungeons_arise:mining_system, HEADING, header:ignore, 0, 0, 0
443, pumpeddesertremake:minisakul, HEADING, header:ignore, 0, 0, 0
444, dungeons_arise:monastery, HEADING, header:ignore, 0, 0, 0
445, mowziesmobs:monastery, HEADING, header:ignore, 0, 0, 0
446, mowziesmobs:monastery, MONSTER, mowziesmobs:bluff, 80, 1, 2
447, ati_structures:monastery_tower, HEADING, header:ignore, 0, 0, 0
448, phenominae:monolithruins, HEADING, header:ignore, 0, 0, 0
449, minecraft:monument, HEADING, header:ignore, 0, 0, 0
450, cold:mooshroom_house, HEADING, header:ignore, 0, 0, 0
451, ati_structures:mosque, HEADING, header:ignore, 0, 0, 0
452, philipsbiomefeatures:mossy_cobblestone_rocks, HEADING, header:ignore, 0, 0, 0
453, seafaring:mossy_ocean_dungeon, HEADING, header:ignore, 0, 0, 0
454, seafaring:mossy_ocean_dungeon2, HEADING, header:ignore, 0, 0, 0
455, bloxysstructures:mothership, HEADING, header:ignore, 0, 0, 0
456, born_in_chaos_v1:mound_of_hounds, HEADING, header:ignore, 0, 0, 0
457, compatstructures:mud_parkour, HEADING, header:ignore, 0, 0, 0
458, ati_structures:mud_tower, HEADING, header:ignore, 0, 0, 0
459, graveyard:mushroom_grave, HEADING, header:ignore, 0, 0, 0
460, dungeons_arise:mushroom_house, HEADING, header:ignore, 0, 0, 0
461, formationsoverworld:mushroom_hut, HEADING, header:ignore, 0, 0, 0
462, dungeons_arise:mushroom_mines, HEADING, header:ignore, 0, 0, 0
463, mvs:mushroom_pond, HEADING, header:ignore, 0, 0, 0
464, mvs:mushroom_statue, HEADING, header:ignore, 0, 0, 0
465, dungeons_arise:mushroom_village, HEADING, header:ignore, 0, 0, 0
466, mvs:mushroom_well, HEADING, header:ignore, 0, 0, 0
467, compatstructures:naga_nest, HEADING, header:ignore, 0, 0, 0
468, cold:neather_oasis, HEADING, header:ignore, 0, 0, 0
469, idas:necromancers_spire, HEADING, header:ignore, 0, 0, 0
470, idas:necromancers_spire, MONSTER, quark:wraith, 10, 1, 1
471, compatstructures:nest_amphithere, HEADING, header:ignore, 0, 0, 0
472, compatstructures:nest_fire_dragon, HEADING, header:ignore, 0, 0, 0
473, compatstructures:nest_ice_dragon, HEADING, header:ignore, 0, 0, 0
474, compatstructures:nest_light_dragon, HEADING, header:ignore, 0, 0, 0
475, compatstructures:nest_sea, HEADING, header:ignore, 0, 0, 0
476, mvs:nether_devil, HEADING, header:ignore, 0, 0, 0
477, minecraft:nether_fossil, HEADING, header:ignore, 0, 0, 0
478, minecraft:nether_fossil, MONSTER, alexsmobs:soul_vulture, 30, 1, 1
479, idas:nether_pump_camp, HEADING, header:ignore, 0, 0, 0
480, mvs:nether_well, HEADING, header:ignore, 0, 0, 0
481, herobrine011840_dungeons:netherite_forge, HEADING, header:ignore, 0, 0, 0
482, compatstructures:nexus, HEADING, header:ignore, 0, 0, 0
483, idas:nexus, HEADING, header:ignore, 0, 0, 0
484, idas:nexus, MONSTER, quark:wraith, 3, 1, 4
485, ati_structures:nomadic_camp, HEADING, header:ignore, 0, 0, 0
486, nostalgic_structures:noobbase, HEADING, header:ignore, 0, 0, 0
487, structory:northern_ruin, HEADING, header:ignore, 0, 0, 0
488, nostalgic_structures:notch_village, HEADING, header:ignore, 0, 0, 0
489, mvs:oak_log_pile, HEADING, header:ignore, 0, 0, 0
490, mvs:oak_tree, HEADING, header:ignore, 0, 0, 0
491, mvs:oak_well, HEADING, header:ignore, 0, 0, 0
492, philipsbiomefeatures:oak_wood_logs, HEADING, header:ignore, 0, 0, 0
493, cold:oasis, HEADING, header:ignore, 0, 0, 0
494, born_in_chaos_v1:observation_tower_forest, HEADING, header:ignore, 0, 0, 0
495, born_in_chaos_v1:observation_tower_plains, HEADING, header:ignore, 0, 0, 0
496, minecraft:ocean_ruin_cold, HEADING, header:ignore, 0, 0, 0
497, minecraft:ocean_ruin_warm, HEADING, header:ignore, 0, 0, 0
498, mvs:ocean_tower, HEADING, header:ignore, 0, 0, 0
499, formationsoverworld:offering, HEADING, header:ignore, 0, 0, 0
500, ati_structures:old_fort, HEADING, header:ignore, 0, 0, 0
501, ati_structures:old_home, HEADING, header:ignore, 0, 0, 0
502, structory:old_manor, HEADING, header:ignore, 0, 0, 0
503, ati_structures:old_residence, HEADING, header:ignore, 0, 0, 0
504, nostalgic_structures:oldcobblestonehut, HEADING, header:ignore, 0, 0, 0
505, mvs:orange_stall, HEADING, header:ignore, 0, 0, 0
506, theorcs:orc_camp, HEADING, header:ignore, 0, 0, 0
507, mvs:out_house, HEADING, header:ignore, 0, 0, 0
508, structory:outcast_villager_desert, HEADING, header:ignore, 0, 0, 0
509, structory:outcast_villager_grassy, HEADING, header:ignore, 0, 0, 0
510, ati_structures:overgrown_outpost, HEADING, header:ignore, 0, 0, 0
511, cold:overgrown_portal, HEADING, header:ignore, 0, 0, 0
512, unusual_prehistory:paleozoic_fossil, HEADING, header:ignore, 0, 0, 0
513, pumpeddesertremake:palm_tree_1, HEADING, header:ignore, 0, 0, 0
514, pumpeddesertremake:palm_tree_2, HEADING, header:ignore, 0, 0, 0
515, mvs:paths, HEADING, header:ignore, 0, 0, 0
516, compatstructures:peace, HEADING, header:ignore, 0, 0, 0
517, unusual_prehistory:petrified_tree, HEADING, header:ignore, 0, 0, 0
518, mvs:pile, HEADING, header:ignore, 0, 0, 0
519, idas:pillager_camp, HEADING, header:ignore, 0, 0, 0
520, takesapillage:pillager_camp, HEADING, header:ignore, 0, 0, 0
521, idas:pillager_fortress, HEADING, header:ignore, 0, 0, 0
522, minecraft:pillager_outpost, HEADING, header:ignore, 0, 0, 0
523, towns_and_towers:pillager_outpost_badlands, HEADING, header:ignore, 0, 0, 0
524, towns_and_towers:pillager_outpost_beach, HEADING, header:ignore, 0, 0, 0
525, towns_and_towers:pillager_outpost_birch_forest, HEADING, header:ignore, 0, 0, 0
526, towns_and_towers:pillager_outpost_desert, HEADING, header:ignore, 0, 0, 0
527, towns_and_towers:pillager_outpost_flower_forest, HEADING, header:ignore, 0, 0, 0
528, towns_and_towers:pillager_outpost_forest, HEADING, header:ignore, 0, 0, 0
529, towns_and_towers:pillager_outpost_grove, HEADING, header:ignore, 0, 0, 0
530, towns_and_towers:pillager_outpost_jungle, HEADING, header:ignore, 0, 0, 0
531, towns_and_towers:pillager_outpost_meadow, HEADING, header:ignore, 0, 0, 0
532, towns_and_towers:pillager_outpost_mushroom_fields, HEADING, header:ignore, 0, 0, 0
533, towns_and_towers:pillager_outpost_ocean, HEADING, header:ignore, 0, 0, 0
534, towns_and_towers:pillager_outpost_old_growth_taiga, HEADING, header:ignore, 0, 0, 0
535, towns_and_towers:pillager_outpost_savanna, HEADING, header:ignore, 0, 0, 0
536, towns_and_towers:pillager_outpost_savanna_plateau, HEADING, header:ignore, 0, 0, 0
537, towns_and_towers:pillager_outpost_snowy_beach, HEADING, header:ignore, 0, 0, 0
538, towns_and_towers:pillager_outpost_snowy_plains, HEADING, header:ignore, 0, 0, 0
539, towns_and_towers:pillager_outpost_snowy_slopes, HEADING, header:ignore, 0, 0, 0
540, towns_and_towers:pillager_outpost_snowy_taiga, HEADING, header:ignore, 0, 0, 0
541, towns_and_towers:pillager_outpost_sparse_jungle, HEADING, header:ignore, 0, 0, 0
542, towns_and_towers:pillager_outpost_sunflower_plains, HEADING, header:ignore, 0, 0, 0
543, towns_and_towers:pillager_outpost_swamp, HEADING, header:ignore, 0, 0, 0
544, towns_and_towers:pillager_outpost_taiga, HEADING, header:ignore, 0, 0, 0
545, towns_and_towers:pillager_outpost_wooded_badlands, HEADING, header:ignore, 0, 0, 0
546, castles_and_keeps:pillager_tower, HEADING, header:ignore, 0, 0, 0
547, create_pillagers_arise:pillagercreatetower, HEADING, header:ignore, 0, 0, 0
548, nakronastructure:pillar_traps, HEADING, header:ignore, 0, 0, 0
549, compatstructures:pink1, HEADING, header:ignore, 0, 0, 0
550, mvs:pink_stall, HEADING, header:ignore, 0, 0, 0
551, dungeons_arise_seven_seas:pirate_junk, HEADING, header:ignore, 0, 0, 0
552, dungeons_arise:plague_asylum, HEADING, header:ignore, 0, 0, 0
553, valhelsia_structures:player_house, HEADING, header:ignore, 0, 0, 0
554, ati_structures:pufferfish_cave, HEADING, header:ignore, 0, 0, 0
555, ati_structures:quarry, HEADING, header:ignore, 0, 0, 0
556, pumpeddesertremake:quicksandtrap, HEADING, header:ignore, 0, 0, 0
557, formationsoverworld:raft, HEADING, header:ignore, 0, 0, 0
558, mvs:railway, HEADING, header:ignore, 0, 0, 0
559, compatstructures:rainbow_corundum, HEADING, header:ignore, 0, 0, 0
560, mvs:rare_well, HEADING, header:ignore, 0, 0, 0
561, mvs:red_stall, HEADING, header:ignore, 0, 0, 0
562, mvs:red_tower, HEADING, header:ignore, 0, 0, 0
563, idas:redhorn_guild, HEADING, header:ignore, 0, 0, 0
564, illager_siege_weapons:reinforced_battering_ram, HEADING, header:ignore, 0, 0, 0
565, ribbits:ribbit_village, HEADING, header:ignore, 0, 0, 0
566, mvs:rocky_well, HEADING, header:ignore, 0, 0, 0
567, darkerdepths:rope_mine_desert, HEADING, header:ignore, 0, 0, 0
568, darkerdepths:rope_mine_forest, HEADING, header:ignore, 0, 0, 0
569, ati_structures:rotten_log, HEADING, header:ignore, 0, 0, 0
570, ati_structures:rotting_temple, HEADING, header:ignore, 0, 0, 0
571, ati_structures:rotting_temple_underground, HEADING, header:ignore, 0, 0, 0
572, structory:ruin_grassy, HEADING, header:ignore, 0, 0, 0
573, bloxysstructures:ruined_adventure_realm_portal, HEADING, header:ignore, 0, 0, 0
574, mvs:ruined_beacon, HEADING, header:ignore, 0, 0, 0
575, ati_structures:ruined_castle, HEADING, header:ignore, 0, 0, 0
576, idas:ruined_church, HEADING, header:ignore, 0, 0, 0
577, cataclysm:ruined_citadel, HEADING, header:ignore, 0, 0, 0
578, cataclysm:ruined_citadel, MONSTER, cataclysm:endermaptera, 3, 1, 1
579, idas:ruined_fort, HEADING, header:ignore, 0, 0, 0
580, cold:ruined_head, HEADING, header:ignore, 0, 0, 0
581, minecraft:ruined_portal, HEADING, header:ignore, 0, 0, 0
582, minecraft:ruined_portal_desert, HEADING, header:ignore, 0, 0, 0
583, minecraft:ruined_portal_jungle, HEADING, header:ignore, 0, 0, 0
584, minecraft:ruined_portal_mountain, HEADING, header:ignore, 0, 0, 0
585, minecraft:ruined_portal_nether, HEADING, header:ignore, 0, 0, 0
586, minecraft:ruined_portal_ocean, HEADING, header:ignore, 0, 0, 0
587, minecraft:ruined_portal_swamp, HEADING, header:ignore, 0, 0, 0
588, idas:ruined_well, HEADING, header:ignore, 0, 0, 0
589, pumpeddesertremake:ruinhouse_1, HEADING, header:ignore, 0, 0, 0
590, pumpeddesertremake:ruinhouse_2, HEADING, header:ignore, 0, 0, 0
591, graveyard:ruins, HEADING, header:ignore, 0, 0, 0
592, graveyard:ruins, MONSTER, graveyard:skeleton_creeper, 35, 1, 1
593, graveyard:ruins, MONSTER, graveyard:revenant, 45, 1, 3
594, graveyard:ruins, MONSTER, graveyard:ghoul, 50, 1, 2
595, idas:ruins_of_the_deep, HEADING, header:ignore, 0, 0, 0
596, 1_splatus:sanctum, HEADING, header:ignore, 0, 0, 0
597, seafaring:sandstone_ocean_dungeon, HEADING, header:ignore, 0, 0, 0
598, seafaring:sandstone_ocean_dungeon2, HEADING, header:ignore, 0, 0, 0
599, compatstructures:sawmill, HEADING, header:ignore, 0, 0, 0
600, dungeons_arise:scorched_mines, HEADING, header:ignore, 0, 0, 0
601, ati_structures:sculk_deposit, HEADING, header:ignore, 0, 0, 0
602, threateningly_mobs:sea_cucumber_nest, HEADING, header:ignore, 0, 0, 0
603, grim_kingdoms:shardspire_castle, HEADING, header:ignore, 0, 0, 0
604, mvs:shed, HEADING, header:ignore, 0, 0, 0
605, ships:ship, HEADING, header:ignore, 0, 0, 0
606, ships:ship_fleet, HEADING, header:ignore, 0, 0, 0
607, minecraft:shipwreck, HEADING, header:ignore, 0, 0, 0
608, minecraft:shipwreck, MONSTER, alexsmobs:skelewag, 15, 1, 2
609, minecraft:shipwreck_beached, HEADING, header:ignore, 0, 0, 0
610, dungeons_arise:shiraz_palace, HEADING, header:ignore, 0, 0, 0
611, illager_siege_weapons:siege_tower, HEADING, header:ignore, 0, 0, 0
612, grim_kingdoms:silentgale_citadel, HEADING, header:ignore, 0, 0, 0
613, ancient_ruins:silver_tower, HEADING, header:ignore, 0, 0, 0
614, ati_structures:silverfish_nest, HEADING, header:ignore, 0, 0, 0
615, ati_structures:sinking_temple, HEADING, header:ignore, 0, 0, 0
616, nakronastructure:sky_island, HEADING, header:ignore, 0, 0, 0
617, castles_and_keeps:small_abandoned_tower, HEADING, header:ignore, 0, 0, 0
618, mvs:small_acacia_lantern, HEADING, header:ignore, 0, 0, 0
619, mvs:small_bamboo_lantern, HEADING, header:ignore, 0, 0, 0
620, mvs:small_birch_lantern, HEADING, header:ignore, 0, 0, 0
621, dungeons_arise:small_blimp, HEADING, header:ignore, 0, 0, 0
622, cold:small_boat, HEADING, header:ignore, 0, 0, 0
623, mvs:small_campfire_lantern, HEADING, header:ignore, 0, 0, 0
624, mvs:small_cherry_lantern, HEADING, header:ignore, 0, 0, 0
625, mvs:small_copper_well, HEADING, header:ignore, 0, 0, 0
626, mvs:small_dark_oak_lantern, HEADING, header:ignore, 0, 0, 0
627, graveyard:small_desert_grave, HEADING, header:ignore, 0, 0, 0
628, graveyard:small_desert_graveyard, HEADING, header:ignore, 0, 0, 0
629, cold:small_farm, HEADING, header:ignore, 0, 0, 0
630, graveyard:small_grave, HEADING, header:ignore, 0, 0, 0
631, graveyard:small_graveyard, HEADING, header:ignore, 0, 0, 0
632, graveyard:small_graveyard, MONSTER, graveyard:skeleton_creeper, 35, 1, 1
633, graveyard:small_graveyard, MONSTER, graveyard:revenant, 45, 1, 3
634, graveyard:small_graveyard, MONSTER, graveyard:ghoul, 50, 1, 2
635, formationsoverworld:small_house, HEADING, header:ignore, 0, 0, 0
636, mvs:small_igloo, HEADING, header:ignore, 0, 0, 0
637, mvs:small_jungle_lantern, HEADING, header:ignore, 0, 0, 0
638, ati_structures:small_keep, HEADING, header:ignore, 0, 0, 0
639, mvs:small_mangrove_lantern, HEADING, header:ignore, 0, 0, 0
640, nostalgic_structures:small_mossy_pyramid, HEADING, header:ignore, 0, 0, 0
641, graveyard:small_mountain_grave, HEADING, header:ignore, 0, 0, 0
642, mvs:small_oak_lantern, HEADING, header:ignore, 0, 0, 0
643, mvs:small_oak_pond, HEADING, header:ignore, 0, 0, 0
644, mvs:small_pillager_tower, HEADING, header:ignore, 0, 0, 0
645, dungeons_arise:small_prairie_house, HEADING, header:ignore, 0, 0, 0
646, mvs:small_ruin, HEADING, header:ignore, 0, 0, 0
647, graveyard:small_savanna_grave, HEADING, header:ignore, 0, 0, 0
648, mvs:small_ship, HEADING, header:ignore, 0, 0, 0
649, mvs:small_spruce_lantern, HEADING, header:ignore, 0, 0, 0
650, formationsoverworld:small_statue, HEADING, header:ignore, 0, 0, 0
651, mvs:small_swamp_house, HEADING, header:ignore, 0, 0, 0
652, formationsoverworld:small_temple, HEADING, header:ignore, 0, 0, 0
653, mvs:small_tower_well, HEADING, header:ignore, 0, 0, 0
654, mvs:small_well, HEADING, header:ignore, 0, 0, 0
655, dungeons_arise_seven_seas:small_yacht, HEADING, header:ignore, 0, 0, 0
656, nostalgic_structures:smallbrickpyramid, HEADING, header:ignore, 0, 0, 0
657, idas:snifferhenge, HEADING, header:ignore, 0, 0, 0
658, grim_kingdoms:snowgrave_citadel, HEADING, header:ignore, 0, 0, 0
659, mvs:snowy_dog_hut, HEADING, header:ignore, 0, 0, 0
660, mvs:snowy_fossil, HEADING, header:ignore, 0, 0, 0
661, mvs:snowy_well, HEADING, header:ignore, 0, 0, 0
662, cataclysm:soul_black_smith, HEADING, header:ignore, 0, 0, 0
663, valhelsia_structures:spawner_dungeon, HEADING, header:ignore, 0, 0, 0
664, valhelsia_structures:spawner_room, HEADING, header:ignore, 0, 0, 0
665, ati_structures:spider_nest, HEADING, header:ignore, 0, 0, 0
666, sdob_forge:spiral_dungeon_of_babel_tower_1, HEADING, header:ignore, 0, 0, 0
667, mvs:spruce_log_pile, HEADING, header:ignore, 0, 0, 0
668, mvs:spruce_tree, HEADING, header:ignore, 0, 0, 0
669, mvs:spruce_well, HEADING, header:ignore, 0, 0, 0
670, philipsbiomefeatures:spruce_wood_logs, HEADING, header:ignore, 0, 0, 0
671, ravageandcabbage:stable, HEADING, header:ignore, 0, 0, 0
672, nostalgic_structures:starterhouse, HEADING, header:ignore, 0, 0, 0
673, mvs:statue_ruins, HEADING, header:ignore, 0, 0, 0
674, ati_structures:steam_house, HEADING, header:ignore, 0, 0, 0
675, mvs:stone_fountain, HEADING, header:ignore, 0, 0, 0
676, formationsoverworld:stone_ore_spikes, HEADING, header:ignore, 0, 0, 0
677, mvs:stone_pillars, HEADING, header:ignore, 0, 0, 0
678, mvs:stone_rock, HEADING, header:ignore, 0, 0, 0
679, philipsbiomefeatures:stone_rocks, HEADING, header:ignore, 0, 0, 0
680, formationsoverworld:stone_tower, HEADING, header:ignore, 0, 0, 0
681, grim_kingdoms:stonyfell_outpost, HEADING, header:ignore, 0, 0, 0
682, ati_structures:storage_house, HEADING, header:ignore, 0, 0, 0
683, ati_structures:storage_shack, HEADING, header:ignore, 0, 0, 0
684, ati_structures:stray_ruins, HEADING, header:ignore, 0, 0, 0
685, minecraft:stronghold, HEADING, header:ignore, 0, 0, 0
686, cold:stump_ruined_enchant, HEADING, header:ignore, 0, 0, 0
687, cataclysm:sunken_city, HEADING, header:ignore, 0, 0, 0
688, idas:sunken_ship/sunken_ship, HEADING, header:ignore, 0, 0, 0
689, idas:sunken_ship/sunken_ship, MONSTER, quark:wraith, 5, 1, 2
690, idas:sunken_ship/sunken_ship_coral, HEADING, header:ignore, 0, 0, 0
691, idas:sunken_ship/sunken_ship_coral, MONSTER, quark:wraith, 5, 1, 2
692, idas:sunken_ship/sunken_ship_ruins, HEADING, header:ignore, 0, 0, 0
693, mvs:sunzi_gate, HEADING, header:ignore, 0, 0, 0
694, minecraft:swamp_hut, HEADING, header:ignore, 0, 0, 0
695, compatstructures:swamp_pond, HEADING, header:ignore, 0, 0, 0
696, structory:swamp_ruin, HEADING, header:ignore, 0, 0, 0
697, structory:taiga_ruin_surface, HEADING, header:ignore, 0, 0, 0
698, structory:taiga_ruin_underground, HEADING, header:ignore, 0, 0, 0
699, mvs:tall_house, HEADING, header:ignore, 0, 0, 0
700, unusual_prehistory:tar_pit, HEADING, header:ignore, 0, 0, 0
701, ati_structures:tavern, HEADING, header:ignore, 0, 0, 0
702, nakronastructure:temple_1, HEADING, header:ignore, 0, 0, 0
703, idas:the_log, HEADING, header:ignore, 0, 0, 0
704, compatstructures:the_well, HEADING, header:ignore, 0, 0, 0
705, dungeons_arise:thornborn_towers, HEADING, header:ignore, 0, 0, 0
706, idas:tinkers_citadel, HEADING, header:ignore, 0, 0, 0
707, idas:tinkers_workshop, HEADING, header:ignore, 0, 0, 0
708, formationsoverworld:tiny_house, HEADING, header:ignore, 0, 0, 0
709, threateningly_mobs:titan_summon_altar, HEADING, header:ignore, 0, 0, 0
710, ancientsand:tomb, HEADING, header:ignore, 0, 0, 0
711, compatstructures:tool_shelfs, HEADING, header:ignore, 0, 0, 0
712, compatstructures:tower_elevator, HEADING, header:ignore, 0, 0, 0
713, formationsoverworld:tower_remnant, HEADING, header:ignore, 0, 0, 0
714, valhelsia_structures:tower_ruin, HEADING, header:ignore, 0, 0, 0
715, pirates:tradersshipentitystructure, HEADING, header:ignore, 0, 0, 0
716, minecraft:trail_ruins, HEADING, header:ignore, 0, 0, 0
717, idas:train_ruins, HEADING, header:ignore, 0, 0, 0
718, illager_siege_weapons:trebuchet, HEADING, header:ignore, 0, 0, 0
719, mvs:tree_monument, HEADING, header:ignore, 0, 0, 0
720, idas:tree_of_wisdom, HEADING, header:ignore, 0, 0, 0
721, idas:treetop_tavern, HEADING, header:ignore, 0, 0, 0
722, nostalgic_structures:tutorialhouse, HEADING, header:ignore, 0, 0, 0
723, castles_and_keeps:two_towers, HEADING, header:ignore, 0, 0, 0
724, dungeons_arise:typhon, HEADING, header:ignore, 0, 0, 0
725, mowziesmobs:umvuthana_grove, HEADING, header:ignore, 0, 0, 0
726, castles_and_keeps:undead_castle, HEADING, header:ignore, 0, 0, 0
727, dungeons_arise:undead_pirate_ship, HEADING, header:ignore, 0, 0, 0
728, idas:underground_camp/underground_camp, HEADING, header:ignore, 0, 0, 0
729, idas:underground_camp/underground_camp_deep, HEADING, header:ignore, 0, 0, 0
730, ati_structures:underground_monument, HEADING, header:ignore, 0, 0, 0
731, bloxysstructures:underground_structure, HEADING, header:ignore, 0, 0, 0
732, seafaring:undergrounddungeon, HEADING, header:ignore, 0, 0, 0
733, threateningly_mobs:underwater_altar, HEADING, header:ignore, 0, 0, 0
734, ati_structures:underwater_dungeon, HEADING, header:ignore, 0, 0, 0
735, dungeons_arise_seven_seas:unicorn_galleon, HEADING, header:ignore, 0, 0, 0
736, dungeons_arise_seven_seas:victory_frigate, HEADING, header:ignore, 0, 0, 0
737, towns_and_towers:village_badlands, HEADING, header:ignore, 0, 0, 0
738, towns_and_towers:village_beach, HEADING, header:ignore, 0, 0, 0
739, towns_and_towers:village_birch_forest, HEADING, header:ignore, 0, 0, 0
740, minecraft:village_desert, HEADING, header:ignore, 0, 0, 0
741, towns_and_towers:village_flower_forest, HEADING, header:ignore, 0, 0, 0
742, towns_and_towers:village_forest, HEADING, header:ignore, 0, 0, 0
743, towns_and_towers:village_grove, HEADING, header:ignore, 0, 0, 0
744, towns_and_towers:village_jungle, HEADING, header:ignore, 0, 0, 0
745, towns_and_towers:village_meadow, HEADING, header:ignore, 0, 0, 0
746, towns_and_towers:village_mushroom_fields, HEADING, header:ignore, 0, 0, 0
747, joshie:village_ocean, HEADING, header:ignore, 0, 0, 0
748, towns_and_towers:village_ocean, HEADING, header:ignore, 0, 0, 0
749, towns_and_towers:village_old_growth_taiga, HEADING, header:ignore, 0, 0, 0
750, minecraft:village_plains, HEADING, header:ignore, 0, 0, 0
751, minecraft:village_savanna, HEADING, header:ignore, 0, 0, 0
752, towns_and_towers:village_savanna_plateau, HEADING, header:ignore, 0, 0, 0
753, minecraft:village_snowy, HEADING, header:ignore, 0, 0, 0
754, towns_and_towers:village_snowy_slopes, HEADING, header:ignore, 0, 0, 0
755, towns_and_towers:village_snowy_taiga, HEADING, header:ignore, 0, 0, 0
756, towns_and_towers:village_sparse_jungle, HEADING, header:ignore, 0, 0, 0
757, towns_and_towers:village_sunflower_plains, HEADING, header:ignore, 0, 0, 0
758, towns_and_towers:village_swamp, HEADING, header:ignore, 0, 0, 0
759, minecraft:village_taiga, HEADING, header:ignore, 0, 0, 0
760, towns_and_towers:village_wooded_badlands, HEADING, header:ignore, 0, 0, 0
761, ati_structures:villager_inn, HEADING, header:ignore, 0, 0, 0
762, mvs:villager_statue, HEADING, header:ignore, 0, 0, 0
763, cold:wagon, HEADING, header:ignore, 0, 0, 0
764, formationsoverworld:wagon, HEADING, header:ignore, 0, 0, 0
765, ati_structures:warden_monument, HEADING, header:ignore, 0, 0, 0
766, cold:warped_camp_fire, HEADING, header:ignore, 0, 0, 0
767, mvs:warped_house, HEADING, header:ignore, 0, 0, 0
768, idas:washing_camp, HEADING, header:ignore, 0, 0, 0
769, supplementaries:way_sign, HEADING, header:ignore, 0, 0, 0
770, bonesupdate:weeping_willow_tree, HEADING, header:ignore, 0, 0, 0
771, formationsoverworld:well, HEADING, header:ignore, 0, 0, 0
772, mvs:well, HEADING, header:ignore, 0, 0, 0
773, forsaken:wells/mud, HEADING, header:ignore, 0, 0, 0
774, forsaken:wells/oriental, HEADING, header:ignore, 0, 0, 0
775, forsaken:wells/pit/cobble, HEADING, header:ignore, 0, 0, 0
776, forsaken:wells/pit/mud, HEADING, header:ignore, 0, 0, 0
777, forsaken:wells/pump/bamboo, HEADING, header:ignore, 0, 0, 0
778, forsaken:wells/pump/cobble, HEADING, header:ignore, 0, 0, 0
779, forsaken:wells/pump/mud, HEADING, header:ignore, 0, 0, 0
780, forsaken:wells/rustic/birch, HEADING, header:ignore, 0, 0, 0
781, forsaken:wells/rustic/dark_oak, HEADING, header:ignore, 0, 0, 0
782, forsaken:wells/rustic/oak, HEADING, header:ignore, 0, 0, 0
783, forsaken:wells/rustic/spruce, HEADING, header:ignore, 0, 0, 0
784, forsaken:wells/washhouse, HEADING, header:ignore, 0, 0, 0
785, mvs:wheat_grain_bin, HEADING, header:ignore, 0, 0, 0
786, compatstructures:white_aqva, HEADING, header:ignore, 0, 0, 0
787, grim_kingdoms:whitewarden_keep, HEADING, header:ignore, 0, 0, 0
788, mvs:windmill, HEADING, header:ignore, 0, 0, 0
789, idas:windswept_shrine, HEADING, header:ignore, 0, 0, 0
790, idas:winter_wagon, HEADING, header:ignore, 0, 0, 0
791, grim_kingdoms:winterhold_citadel, HEADING, header:ignore, 0, 0, 0
792, dungeons_arise:wishing_well, HEADING, header:ignore, 0, 0, 0
793, valhelsia_structures:witch_hut, HEADING, header:ignore, 0, 0, 0
794, formationsoverworld:witch_tower, HEADING, header:ignore, 0, 0, 0
795, idas:witches_treestump, HEADING, header:ignore, 0, 0, 0
796, ati_structures:wither_cavern, HEADING, header:ignore, 0, 0, 0
797, ati_structures:wither_keep, HEADING, header:ignore, 0, 0, 0
798, idas:wizard_tower, HEADING, header:ignore, 0, 0, 0
799, mvs:wooden_wheat_farm, HEADING, header:ignore, 0, 0, 0
800, ati_structures:woodland_keep, HEADING, header:ignore, 0, 0, 0
801, threateningly_mobs:worm_nest, HEADING, header:ignore, 0, 0, 0
802, towns_and_towers:wreckage_ocean, HEADING, header:ignore, 0, 0, 0
803, mowziesmobs:wrought_chamber, HEADING, header:ignore, 0, 0, 0
804, threateningly_mobs:zombiewarrior_outpost, HEADING, header:ignore, 0, 0, 0
805, compatstructures:zoo, HEADING, header:ignore, 0, 0, 0
806, grim_kingdoms:zweiberg, HEADING, header:ignore, 0, 0, 0
