* This is the StructMobWeight report file that is output every time the server starts.
* 
* Spawn Balance Utility (SBU) will use this file ONLY if it is renamed to StructMobWeight.csv.
* Lines starting with '*' are comments and ignored
* It allows you to add and remove mobs and adjust their spawnweights for Structures
* like shipwrecks, nether fortresses, water monuments, etc.
* 
1, red:abandoned_house, HEADING, header:ignore, 0, 0, 0
2, red:abandoned_house, MONSTER, minecraft:witch, 10, 2, 3
3, phenomena:abandoned_mansion, HEADING, header:ignore, 0, 0, 0
4, dungeons_arise:abandoned_temple, HEADING, header:ignore, 0, 0, 0
5, dungeons_arise:abandoned_temple, MONSTER, minecraft:stray, 10, 1, 1
6, random_abandonned_structure:abandonned_church, HEADING, header:ignore, 0, 0, 0
7, valarian_conquest:aegis_castle_structure, HEADING, header:ignore, 0, 0, 0
8, valarian_conquest:aegis_outpost_structure, HEADING, header:ignore, 0, 0, 0
9, minecraft:airship, HEADING, header:ignore, 0, 0, 0
10, minecraft:airship, MONSTER, minecraft:vindicator, 80, 2, 4
11, minecraft:airshipwreck, HEADING, header:ignore, 0, 0, 0
12, minecraft:airshipwreck, MONSTER, minecraft:pillager, 80, 3, 8
13, undead_resurrected:altar, HEADING, header:ignore, 0, 0, 0
14, minecolonies:amazon_camp, HEADING, header:ignore, 0, 0, 0
15, minecraft:ancient_city, HEADING, header:ignore, 0, 0, 0
16, terramity:ancient_outcrop, HEADING, header:ignore, 0, 0, 0
17, ati_structures:ancient_temple, HEADING, header:ignore, 0, 0, 0
18, ati_structures:ancient_temple, MONSTER, minecraft:slime, 10, 1, 2
19, ati_structures:ancient_vessel, HEADING, header:ignore, 0, 0, 0
20, philipsbiomefeatures:andesite_rocks, HEADING, header:ignore, 0, 0, 0
21, ati_structures:arachnid_dwelling, HEADING, header:ignore, 0, 0, 0
22, minecraft:archbishop_stronghold, HEADING, header:ignore, 0, 0, 0
23, minecraft:archbishop_stronghold, MONSTER, minecraft:pillager, 10, 1, 3
24, iter_rpg:arthropod_catacombs, HEADING, header:ignore, 0, 0, 0
25, minecolonies:asian_colony, HEADING, header:ignore, 0, 0, 0
26, minecolonies:asian_colony, CREATURE, minecraft:cat, 80, 1, 2
27, ati_structures:ati_stoneworks, HEADING, header:ignore, 0, 0, 0
28, dungeons_arise:aviary, HEADING, header:ignore, 0, 0, 0
29, dungeons_arise:aviary, MONSTER, minecraft:phantom, 60, 2, 3
30, the_pillager_legion_:bad_land_house, HEADING, header:ignore, 0, 0, 0
31, the_pillager_legion_:bad_land_house_tower, HEADING, header:ignore, 0, 0, 0
32, the_pillager_legion_:bad_land_mine_outpost, HEADING, header:ignore, 0, 0, 0
33, the_pillager_legion_:bad_land_mine_tower, HEADING, header:ignore, 0, 0, 0
34, the_pillager_legion_:bad_land_portal, HEADING, header:ignore, 0, 0, 0
35, the_pillager_legion_:bad_land_tower, HEADING, header:ignore, 0, 0, 0
36, valarian_conquest:bandit_camp, HEADING, header:ignore, 0, 0, 0
37, dungeons_arise:bandit_towers, HEADING, header:ignore, 0, 0, 0
38, dungeons_arise:bandit_village, HEADING, header:ignore, 0, 0, 0
39, minecolonies:barbarian_camp, HEADING, header:ignore, 0, 0, 0
40, takesapillage:bastille, HEADING, header:ignore, 0, 0, 0
41, minecraft:bastion_remnant, HEADING, header:ignore, 0, 0, 0
42, dungeons_arise:bathhouse, HEADING, header:ignore, 0, 0, 0
43, battle_shrines:battle_shrine, HEADING, header:ignore, 0, 0, 0
44, red:beach_house, HEADING, header:ignore, 0, 0, 0
45, red:big_oracle, HEADING, header:ignore, 0, 0, 0
46, pumpeddesertremake:big_sakul, HEADING, header:ignore, 0, 0, 0
47, valhelsia_structures:big_tree, HEADING, header:ignore, 0, 0, 0
48, nostalgic_structures:bigbrickpyramid, HEADING, header:ignore, 0, 0, 0
49, nostalgic_structures:bigmossypyramid, HEADING, header:ignore, 0, 0, 0
50, world:bigroot, HEADING, header:ignore, 0, 0, 0
51, world:bigtree, HEADING, header:ignore, 0, 0, 0
52, world:bigtree_2, HEADING, header:ignore, 0, 0, 0
53, world:bigtree_22, HEADING, header:ignore, 0, 0, 0
54, world:bigtree_3, HEADING, header:ignore, 0, 0, 0
55, world:bigtreecustom, HEADING, header:ignore, 0, 0, 0
56, world:bigtreecustom_2, HEADING, header:ignore, 0, 0, 0
57, red:birch_deforestation, HEADING, header:ignore, 0, 0, 0
58, mss:birch_river, HEADING, header:ignore, 0, 0, 0
59, undead_resurrected:blackstone_tower, HEADING, header:ignore, 0, 0, 0
60, 1_splatus:blaze_king_tower, HEADING, header:ignore, 0, 0, 0
61, valarian_conquest:bohemiancastle, HEADING, header:ignore, 0, 0, 0
62, valarian_conquest:bohemianoutpost, HEADING, header:ignore, 0, 0, 0
63, valarian_conquest:bohemiantower, HEADING, header:ignore, 0, 0, 0
64, minecraft:brig, HEADING, header:ignore, 0, 0, 0
65, minecraft:brig, MONSTER, minecraft:vindicator, 80, 1, 5
66, minecraft:buried_treasure, HEADING, header:ignore, 0, 0, 0
67, valarian_conquest:caladrian_castle, HEADING, header:ignore, 0, 0, 0
68, valarian_conquest:caladrianfort, HEADING, header:ignore, 0, 0, 0
69, valarian_conquest:caladrianoutpost, HEADING, header:ignore, 0, 0, 0
70, mss:calcite_house, HEADING, header:ignore, 0, 0, 0
71, minecolonies:caledonia_colony, HEADING, header:ignore, 0, 0, 0
72, minecolonies:caledonia_colony, CREATURE, minecraft:cat, 80, 1, 2
73, compatstructures:camp, HEADING, header:ignore, 0, 0, 0
74, compatstructures:carousel, HEADING, header:ignore, 0, 0, 0
75, ati_structures:castillo, HEADING, header:ignore, 0, 0, 0
76, minecraft:castle, HEADING, header:ignore, 0, 0, 0
77, minecraft:castle, MONSTER, minecraft:vindicator, 70, 1, 8
78, valhelsia_structures:castle, HEADING, header:ignore, 0, 0, 0
79, mss:castle_ruin, HEADING, header:ignore, 0, 0, 0
80, valhelsia_structures:castle_ruin, HEADING, header:ignore, 0, 0, 0
81, mss:castle_tower, HEADING, header:ignore, 0, 0, 0
82, bygonenether:catacomb, HEADING, header:ignore, 0, 0, 0
83, bygonenether:catacomb, MONSTER, minecraft:magma_cube, 10, 1, 1
84, ati_structures:catalonian_castle, HEADING, header:ignore, 0, 0, 0
85, create_pillagers_arise:cathedral_create, HEADING, header:ignore, 0, 0, 0
86, dungeons_arise:ceryneian_hind, HEADING, header:ignore, 0, 0, 0
87, glorious_creatures:champion_hall, HEADING, header:ignore, 0, 0, 0
88, mss:cherry_river, HEADING, header:ignore, 0, 0, 0
89, terramity:chthonian_breach, HEADING, header:ignore, 0, 0, 0
90, terramity:chthonic_cathedral, HEADING, header:ignore, 0, 0, 0
91, terramity:chthonic_dungeon, HEADING, header:ignore, 0, 0, 0
92, bygonenether:citadel, HEADING, header:ignore, 0, 0, 0
93, bygonenether:citadel, MONSTER, bygonenether:warped_enderman, 10, 1, 1
94, bygonenether:citadel, MONSTER, minecraft:enderman, 10, 1, 1
95, nostalgic_structures:cobblestonepillar, HEADING, header:ignore, 0, 0, 0
96, dungeons_arise:coliseum, HEADING, header:ignore, 0, 0, 0
97, minecolonies:colonial_colony, HEADING, header:ignore, 0, 0, 0
98, minecolonies:colonial_colony, CREATURE, minecraft:cat, 80, 1, 2
99, world:colostreecustom, HEADING, header:ignore, 0, 0, 0
100, world:colostreecustom_2, HEADING, header:ignore, 0, 0, 0
101, world:colostreecustom_3, HEADING, header:ignore, 0, 0, 0
102, world:colostreecustom_4, HEADING, header:ignore, 0, 0, 0
103, world:colostreecustom_5, HEADING, header:ignore, 0, 0, 0
104, world:colostreecustom_6, HEADING, header:ignore, 0, 0, 0
105, terramity:court_of_gnomes, HEADING, header:ignore, 0, 0, 0
106, create_pillagers_arise:createchinatower, HEADING, header:ignore, 0, 0, 0
107, create_pillagers_arise:createpillagerblimp, HEADING, header:ignore, 0, 0, 0
108, create_pillagers_arise:createpillagercamp, HEADING, header:ignore, 0, 0, 0
109, create_pillagers_arise:createpillagerfortgate, HEADING, header:ignore, 0, 0, 0
110, create_pillagers_arise:createpillagerhousesmall, HEADING, header:ignore, 0, 0, 0
111, create_pillagers_arise:createpillageroutpost, HEADING, header:ignore, 0, 0, 0
112, create_pillagers_arise:createpillagersmallhouse, HEADING, header:ignore, 0, 0, 0
113, create_pillagers_arise:createpillagervillage, HEADING, header:ignore, 0, 0, 0
114, ancientcurses:cursedaltar, HEADING, header:ignore, 0, 0, 0
115, mortality:daemonfort, HEADING, header:ignore, 0, 0, 0
116, compatstructures:dark_factory, HEADING, header:ignore, 0, 0, 0
117, ati_structures:dark_keep, HEADING, header:ignore, 0, 0, 0
118, ati_structures:dark_tower, HEADING, header:ignore, 0, 0, 0
119, red:dark_tower, HEADING, header:ignore, 0, 0, 0
120, red:dark_tower, MONSTER, minecraft:pillager, 10, 2, 3
121, fbt:deep_battletower, HEADING, header:ignore, 0, 0, 0
122, fbt:deep_battletower2, HEADING, header:ignore, 0, 0, 0
123, valhelsia_structures:deep_spawner_room, HEADING, header:ignore, 0, 0, 0
124, phenomena:deepslate_hill, HEADING, header:ignore, 0, 0, 0
125, ati_structures:deepslate_keep, HEADING, header:ignore, 0, 0, 0
126, compatstructures:depot_train, HEADING, header:ignore, 0, 0, 0
127, pumpeddesertremake:desert_arena, HEADING, header:ignore, 0, 0, 0
128, the_pillager_legion_:desert_big_tower, HEADING, header:ignore, 0, 0, 0
129, minecolonies:desert_camp, HEADING, header:ignore, 0, 0, 0
130, the_pillager_legion_:desert_fortress, HEADING, header:ignore, 0, 0, 0
131, the_pillager_legion_:desert_house, HEADING, header:ignore, 0, 0, 0
132, valhelsia_structures:desert_house, HEADING, header:ignore, 0, 0, 0
133, the_pillager_legion_:desert_library, HEADING, header:ignore, 0, 0, 0
134, ati_structures:desert_outpost, HEADING, header:ignore, 0, 0, 0
135, the_pillager_legion_:desert_outpost, HEADING, header:ignore, 0, 0, 0
136, the_pillager_legion_:desert_portal, HEADING, header:ignore, 0, 0, 0
137, minecraft:desert_pyramid, HEADING, header:ignore, 0, 0, 0
138, mss:desert_pyramid, HEADING, header:ignore, 0, 0, 0
139, red:desert_pyramid, HEADING, header:ignore, 0, 0, 0
140, the_pillager_legion_:desert_site, HEADING, header:ignore, 0, 0, 0
141, the_pillager_legion_:desert_small_house, HEADING, header:ignore, 0, 0, 0
142, the_pillager_legion_:desert_tower, HEADING, header:ignore, 0, 0, 0
143, mss:desert_well, HEADING, header:ignore, 0, 0, 0
144, minecolonies:desertoasis_colony, HEADING, header:ignore, 0, 0, 0
145, minecolonies:desertoasis_colony, CREATURE, minecraft:cat, 80, 1, 2
146, mss:diorite_house, HEADING, header:ignore, 0, 0, 0
147, philipsbiomefeatures:diorite_rocks, HEADING, header:ignore, 0, 0, 0
148, nostalgic_structures:dirtbase, HEADING, header:ignore, 0, 0, 0
149, nostalgic_structures:dirthut, HEADING, header:ignore, 0, 0, 0
150, nostalgic_structures:dirtpillar, HEADING, header:ignore, 0, 0, 0
151, ati_structures:dojo, HEADING, header:ignore, 0, 0, 0
152, phenomena:doorbox, HEADING, header:ignore, 0, 0, 0
153, world:dryadhouses, HEADING, header:ignore, 0, 0, 0
154, dungeoncrawl:dungeon, HEADING, header:ignore, 0, 0, 0
155, valarian_conquest:dwarven_tower, HEADING, header:ignore, 0, 0, 0
156, world:dyb, HEADING, header:ignore, 0, 0, 0
157, world:dyb_2, HEADING, header:ignore, 0, 0, 0
158, world:dyb_3, HEADING, header:ignore, 0, 0, 0
159, world:dybcustom, HEADING, header:ignore, 0, 0, 0
160, world:eflshousebase_4s, HEADING, header:ignore, 0, 0, 0
161, enchanted_villagers:enchanted_tower, HEADING, header:ignore, 0, 0, 0
162, minecraft:end_city, HEADING, header:ignore, 0, 0, 0
163, phenomena:end_house, HEADING, header:ignore, 0, 0, 0
164, 1_splatus:endcity_pyramid, HEADING, header:ignore, 0, 0, 0
165, compatstructures:factory_andesite, HEADING, header:ignore, 0, 0, 0
166, compatstructures:factory_gold, HEADING, header:ignore, 0, 0, 0
167, compatstructures:factory_iron, HEADING, header:ignore, 0, 0, 0
168, compatstructures:factory_steam, HEADING, header:ignore, 0, 0, 0
169, verdantvibes:fairy_circle, HEADING, header:ignore, 0, 0, 0
170, terramity:fairy_fountain, HEADING, header:ignore, 0, 0, 0
171, nostalgic_structures:fakeaetherportal, HEADING, header:ignore, 0, 0, 0
172, pumpeddesertremake:fallensakull, HEADING, header:ignore, 0, 0, 0
173, terramity:fire_lookout_tower, HEADING, header:ignore, 0, 0, 0
174, random_abandonned_structure:fisher_man_stand, HEADING, header:ignore, 0, 0, 0
175, dungeons_arise:fishing_hut, HEADING, header:ignore, 0, 0, 0
176, red:flower_oracle, HEADING, header:ignore, 0, 0, 0
177, red:forest_deforestation, HEADING, header:ignore, 0, 0, 0
178, the_pillager_legion_:forest_outpost, HEADING, header:ignore, 0, 0, 0
179, threateningly_mobs:forestdungeon, HEADING, header:ignore, 0, 0, 0
180, valhelsia_structures:forge, HEADING, header:ignore, 0, 0, 0
181, teo:forgotten_library, HEADING, header:ignore, 0, 0, 0
182, ati_structures:fortified_temple, HEADING, header:ignore, 0, 0, 0
183, minecraft:fortress, HEADING, header:ignore, 0, 0, 0
184, minecraft:fortress, MONSTER, minecraft:blaze, 10, 2, 3
185, minecraft:fortress, MONSTER, minecraft:zombified_piglin, 10, 4, 4
186, minecraft:fortress, MONSTER, minecraft:wither_skeleton, 10, 5, 5
187, minecraft:fortress, MONSTER, minecraft:skeleton, 10, 5, 5
188, minecraft:fortress, MONSTER, minecraft:magma_cube, 10, 4, 4
189, dungeons_arise:foundry, HEADING, header:ignore, 0, 0, 0
190, glorious_creatures:frog_camp, HEADING, header:ignore, 0, 0, 0
191, glorious_creatures:frog_village, HEADING, header:ignore, 0, 0, 0
192, mowziesmobs:frostmaw_spawn, HEADING, header:ignore, 0, 0, 0
193, mss:frozen_pond, HEADING, header:ignore, 0, 0, 0
194, valarian_conquest:galician_fort, HEADING, header:ignore, 0, 0, 0
195, valarian_conquest:galiciancastle, HEADING, header:ignore, 0, 0, 0
196, valarian_conquest:galicianoutpost, HEADING, header:ignore, 0, 0, 0
197, valarian_conquest:gardoniancastle, HEADING, header:ignore, 0, 0, 0
198, bosses_of_mass_destruction:gauntlet_arena, HEADING, header:ignore, 0, 0, 0
199, iter_rpg:generic_dungeon, HEADING, header:ignore, 0, 0, 0
200, dungeons_arise:giant_mushroom, HEADING, header:ignore, 0, 0, 0
201, giant_plane_wreck:giant_plane_wreck, HEADING, header:ignore, 0, 0, 0
202, valarian_conquest:gilded_legion_fort, HEADING, header:ignore, 0, 0, 0
203, ati_structures:gnome_hut, HEADING, header:ignore, 0, 0, 0
204, iter_rpg:goblin_camp, HEADING, header:ignore, 0, 0, 0
205, world:goblinhouses, HEADING, header:ignore, 0, 0, 0
206, iceandfire:gorgon_temple, HEADING, header:ignore, 0, 0, 0
207, ati_structures:granite_fort, HEADING, header:ignore, 0, 0, 0
208, philipsbiomefeatures:granite_rocks, HEADING, header:ignore, 0, 0, 0
209, iceandfire:graveyard, HEADING, header:ignore, 0, 0, 0
210, dungeons_arise:greenwood_pub, HEADING, header:ignore, 0, 0, 0
211, ati_structures:haunted_ruin, HEADING, header:ignore, 0, 0, 0
212, dungeons_arise:heavenly_challenger, HEADING, header:ignore, 0, 0, 0
213, dungeons_arise:heavenly_conqueror, HEADING, header:ignore, 0, 0, 0
214, dungeons_arise:heavenly_rider, HEADING, header:ignore, 0, 0, 0
215, red:herobrine_statue, HEADING, header:ignore, 0, 0, 0
216, ati_structures:herobrine_stronghold, HEADING, header:ignore, 0, 0, 0
217, random_abandonned_structure:house_a, HEADING, header:ignore, 0, 0, 0
218, random_abandonned_structure:house_b, HEADING, header:ignore, 0, 0, 0
219, random_abandonned_structure:house_c, HEADING, header:ignore, 0, 0, 0
220, random_abandonned_structure:house_d, HEADING, header:ignore, 0, 0, 0
221, compatstructures:hunter_fire_dragon, HEADING, header:ignore, 0, 0, 0
222, compatstructures:hunter_ice_dragon, HEADING, header:ignore, 0, 0, 0
223, compatstructures:hunter_light_dragon, HEADING, header:ignore, 0, 0, 0
224, compatstructures:hunter_myrmex, HEADING, header:ignore, 0, 0, 0
225, compatstructures:hunter_pixie, HEADING, header:ignore, 0, 0, 0
226, ati_structures:ice_tribe, HEADING, header:ignore, 0, 0, 0
227, ati_structures:ice_tribe, MONSTER, minecraft:pig, 10, 1, 2
228, nostalgic_structures:ididntbuildthis, HEADING, header:ignore, 0, 0, 0
229, minecraft:igloo, HEADING, header:ignore, 0, 0, 0
230, dungeons_arise:illager_campsite, HEADING, header:ignore, 0, 0, 0
231, dungeons_arise:illager_corsair, HEADING, header:ignore, 0, 0, 0
232, dungeons_arise:illager_fort, HEADING, header:ignore, 0, 0, 0
233, dungeons_arise:illager_galley, HEADING, header:ignore, 0, 0, 0
234, ati_structures:illager_homestead, HEADING, header:ignore, 0, 0, 0
235, ati_structures:illager_tower, HEADING, header:ignore, 0, 0, 0
236, dungeons_arise:illager_windmill, HEADING, header:ignore, 0, 0, 0
237, minecolonies:incan_colony, HEADING, header:ignore, 0, 0, 0
238, minecolonies:incan_colony, CREATURE, minecraft:cat, 80, 1, 2
239, terramity:infested_laboratory, HEADING, header:ignore, 0, 0, 0
240, dungeons_arise:infested_temple, HEADING, header:ignore, 0, 0, 0
241, world:insanetree, HEADING, header:ignore, 0, 0, 0
242, world:it_2, HEADING, header:ignore, 0, 0, 0
243, mss:jungle, HEADING, header:ignore, 0, 0, 0
244, red:jungle_deforestation, HEADING, header:ignore, 0, 0, 0
245, ati_structures:jungle_grotto, HEADING, header:ignore, 0, 0, 0
246, phenomena:jungle_portal, HEADING, header:ignore, 0, 0, 0
247, minecraft:jungle_pyramid, HEADING, header:ignore, 0, 0, 0
248, red:jungle_pyramid, HEADING, header:ignore, 0, 0, 0
249, ati_structures:jungle_settlement, HEADING, header:ignore, 0, 0, 0
250, dungeons_arise:jungle_tree_house, HEADING, header:ignore, 0, 0, 0
251, dungeons_arise:keep_kayra, HEADING, header:ignore, 0, 0, 0
252, valarian_conquest:lancastiancastle, HEADING, header:ignore, 0, 0, 0
253, valarian_conquest:lancastianoutpost, HEADING, header:ignore, 0, 0, 0
254, compatstructures:large_island, HEADING, header:ignore, 0, 0, 0
255, mss:large_tower, HEADING, header:ignore, 0, 0, 0
256, mss:leaf_hollow, HEADING, header:ignore, 0, 0, 0
257, bosses_of_mass_destruction:lich_tower, HEADING, header:ignore, 0, 0, 0
258, compatstructures:life_monument, HEADING, header:ignore, 0, 0, 0
259, ati_structures:lighthouse, HEADING, header:ignore, 0, 0, 0
260, ati_structures:lighthouse, MONSTER, minecraft:pig, 10, 4, 5
261, dungeons_arise:lighthouse, HEADING, header:ignore, 0, 0, 0
262, minecraft:living_tree, HEADING, header:ignore, 0, 0, 0
263, minecraft:living_tree, MONSTER, minecraft:skeleton, 10, 1, 4
264, minecolonies:lostmesacity_colony, HEADING, header:ignore, 0, 0, 0
265, minecolonies:lostmesacity_colony, CREATURE, minecraft:cat, 80, 1, 2
266, phenomena:lush_trap, HEADING, header:ignore, 0, 0, 0
267, phenomena:lush_trap, MONSTER, minecraft:witch, 10, 1, 1
268, phenomena:lush_trap, MONSTER, minecraft:creeper, 10, 1, 3
269, phenomena:lush_trap, CREATURE, minecraft:bat, 10, 1, 4
270, mss:mangrove, HEADING, header:ignore, 0, 0, 0
271, ati_structures:manor, HEADING, header:ignore, 0, 0, 0
272, ati_structures:manor, MONSTER, minecraft:pillager, 10, 1, 1
273, minecraft:mansion, HEADING, header:ignore, 0, 0, 0
274, ati_structures:marble_chateau, HEADING, header:ignore, 0, 0, 0
275, world:mashrooms, HEADING, header:ignore, 0, 0, 0
276, world:mashrooms_2, HEADING, header:ignore, 0, 0, 0
277, iceandfire:mausoleum, HEADING, header:ignore, 0, 0, 0
278, terramity:mausoleum, HEADING, header:ignore, 0, 0, 0
279, dungeons_arise:mechanical_nest, HEADING, header:ignore, 0, 0, 0
280, minecolonies:medieval_birch_colony, HEADING, header:ignore, 0, 0, 0
281, minecolonies:medieval_birch_colony, CREATURE, minecraft:cat, 80, 1, 2
282, phenomena:medieval_boat, HEADING, header:ignore, 0, 0, 0
283, phenomena:medieval_boat, MONSTER, minecraft:evoker, 10, 1, 1
284, minecolonies:medieval_dark_oak_colony, HEADING, header:ignore, 0, 0, 0
285, minecolonies:medieval_dark_oak_colony, CREATURE, minecraft:cat, 80, 1, 2
286, minecolonies:medieval_oak_colony, HEADING, header:ignore, 0, 0, 0
287, minecolonies:medieval_oak_colony, CREATURE, minecraft:cat, 80, 1, 2
288, minecolonies:medieval_spruce_colony, HEADING, header:ignore, 0, 0, 0
289, minecolonies:medieval_spruce_colony, CREATURE, minecraft:cat, 80, 1, 2
290, nostalgic_structures:mediumbrickpyramid, HEADING, header:ignore, 0, 0, 0
291, dungeons_arise:merchant_campsite, HEADING, header:ignore, 0, 0, 0
292, minecraft:mineshaft, HEADING, header:ignore, 0, 0, 0
293, minecraft:mineshaft_mesa, HEADING, header:ignore, 0, 0, 0
294, dungeons_arise:mining_system, HEADING, header:ignore, 0, 0, 0
295, pumpeddesertremake:minisakul, HEADING, header:ignore, 0, 0, 0
296, dungeons_arise:monastery, HEADING, header:ignore, 0, 0, 0
297, mowziesmobs:monastery, HEADING, header:ignore, 0, 0, 0
298, mowziesmobs:monastery, MONSTER, mowziesmobs:bluff, 80, 1, 2
299, ati_structures:monastery_tower, HEADING, header:ignore, 0, 0, 0
300, minecraft:monument, HEADING, header:ignore, 0, 0, 0
301, minecraft:monument, MONSTER, minecraft:guardian, 10, 2, 4
302, ati_structures:mosque, HEADING, header:ignore, 0, 0, 0
303, ati_structures:mosque, MONSTER, minecraft:pig, 10, 4, 5
304, philipsbiomefeatures:mossy_cobblestone_rocks, HEADING, header:ignore, 0, 0, 0
305, ati_structures:mud_tower, HEADING, header:ignore, 0, 0, 0
306, terramity:mudhut, HEADING, header:ignore, 0, 0, 0
307, mss:mushroom, HEADING, header:ignore, 0, 0, 0
308, dungeons_arise:mushroom_house, HEADING, header:ignore, 0, 0, 0
309, dungeons_arise:mushroom_mines, HEADING, header:ignore, 0, 0, 0
310, dungeons_arise:mushroom_village, HEADING, header:ignore, 0, 0, 0
311, compatstructures:naga_nest, HEADING, header:ignore, 0, 0, 0
312, compatstructures:nest_amphithere, HEADING, header:ignore, 0, 0, 0
313, compatstructures:nest_fire_dragon, HEADING, header:ignore, 0, 0, 0
314, compatstructures:nest_ice_dragon, HEADING, header:ignore, 0, 0, 0
315, compatstructures:nest_light_dragon, HEADING, header:ignore, 0, 0, 0
316, compatstructures:nest_sea, HEADING, header:ignore, 0, 0, 0
317, minecraft:nether_city, HEADING, header:ignore, 0, 0, 0
318, minecraft:nether_city, MONSTER, minecraft:piglin, 50, 1, 5
319, the_pillager_legion_:nether_fortress, HEADING, header:ignore, 0, 0, 0
320, minecraft:nether_fossil, HEADING, header:ignore, 0, 0, 0
321, phenomena:nether_monster_room, HEADING, header:ignore, 0, 0, 0
322, the_pillager_legion_:nether_outpost, HEADING, header:ignore, 0, 0, 0
323, mss:nether_portal, HEADING, header:ignore, 0, 0, 0
324, the_pillager_legion_:nether_portal, HEADING, header:ignore, 0, 0, 0
325, compatstructures:nexus, HEADING, header:ignore, 0, 0, 0
326, ati_structures:nomadic_camp, HEADING, header:ignore, 0, 0, 0
327, nostalgic_structures:noobbase, HEADING, header:ignore, 0, 0, 0
328, nostalgic_structures:notch_village, HEADING, header:ignore, 0, 0, 0
329, valarian_conquest:numeriancastle, HEADING, header:ignore, 0, 0, 0
330, valarian_conquest:numerianoutpost, HEADING, header:ignore, 0, 0, 0
331, verdantvibes:oak_overgrown_hut, HEADING, header:ignore, 0, 0, 0
332, philipsbiomefeatures:oak_wood_logs, HEADING, header:ignore, 0, 0, 0
333, bosses_of_mass_destruction:obsidilith_arena, HEADING, header:ignore, 0, 0, 0
334, minecraft:ocean_ruin_cold, HEADING, header:ignore, 0, 0, 0
335, minecraft:ocean_ruin_warm, HEADING, header:ignore, 0, 0, 0
336, ati_structures:old_fort, HEADING, header:ignore, 0, 0, 0
337, ati_structures:old_home, HEADING, header:ignore, 0, 0, 0
338, ati_structures:old_home, MONSTER, minecraft:pig, 10, 4, 5
339, random_abandonned_structure:old_mansion_a, HEADING, header:ignore, 0, 0, 0
340, ati_structures:old_residence, HEADING, header:ignore, 0, 0, 0
341, nostalgic_structures:oldcobblestonehut, HEADING, header:ignore, 0, 0, 0
342, valarian_conquest:orc_fort, HEADING, header:ignore, 0, 0, 0
343, valarian_conquest:orc_outpost, HEADING, header:ignore, 0, 0, 0
344, terramity:overgrown_facility, HEADING, header:ignore, 0, 0, 0
345, ati_structures:overgrown_outpost, HEADING, header:ignore, 0, 0, 0
346, verdantvibes:palm_campfire, HEADING, header:ignore, 0, 0, 0
347, mss:palm_island, HEADING, header:ignore, 0, 0, 0
348, pumpeddesertremake:palm_tree_1, HEADING, header:ignore, 0, 0, 0
349, pumpeddesertremake:palm_tree_2, HEADING, header:ignore, 0, 0, 0
350, red:patheon, HEADING, header:ignore, 0, 0, 0
351, compatstructures:peace, HEADING, header:ignore, 0, 0, 0
352, bygonenether:piglin_manor, HEADING, header:ignore, 0, 0, 0
353, bygonenether:piglin_manor, MONSTER, minecraft:piglin, 10, 1, 1
354, bygonenether:piglin_manor, MONSTER, bygonenether:piglin_hunter, 10, 1, 1
355, takesapillage:pillager_camp, HEADING, header:ignore, 0, 0, 0
356, minecraft:pillager_outpost, HEADING, header:ignore, 0, 0, 0
357, minecraft:pillager_outpost, MONSTER, minecraft:pillager, 10, 1, 1
358, minecraft:pillager_outpost, MONSTER, minecraft:vindicator, 10, 1, 1
359, create_pillagers_arise:pillagercreatetower, HEADING, header:ignore, 0, 0, 0
360, compatstructures:pink1, HEADING, header:ignore, 0, 0, 0
361, galosphere:pink_salt_shrine, HEADING, header:ignore, 0, 0, 0
362, minecraft:pirate_fleet, HEADING, header:ignore, 0, 0, 0
363, minecraft:pirate_fleet, MONSTER, minecraft:pillager, 80, 1, 8
364, minecraft:pirate_hideout, HEADING, header:ignore, 0, 0, 0
365, minecraft:pirate_hideout, MONSTER, minecraft:vindicator, 80, 1, 10
366, dungeons_arise:plague_asylum, HEADING, header:ignore, 0, 0, 0
367, red:plains_oracle, HEADING, header:ignore, 0, 0, 0
368, valhelsia_structures:player_house, HEADING, header:ignore, 0, 0, 0
369, terramity:prismatic_pond, HEADING, header:ignore, 0, 0, 0
370, ati_structures:pufferfish_cave, HEADING, header:ignore, 0, 0, 0
371, ati_structures:quarry, HEADING, header:ignore, 0, 0, 0
372, pumpeddesertremake:quicksandtrap, HEADING, header:ignore, 0, 0, 0
373, mortality:redwood_facility, HEADING, header:ignore, 0, 0, 0
374, ati_structures:rotten_log, HEADING, header:ignore, 0, 0, 0
375, ati_structures:rotting_temple, HEADING, header:ignore, 0, 0, 0
376, ati_structures:rotting_temple, MONSTER, minecraft:zombie, 10, 1, 3
377, ati_structures:rotting_temple_underground, HEADING, header:ignore, 0, 0, 0
378, ati_structures:rotting_temple_underground, MONSTER, minecraft:zombie, 10, 1, 3
379, ati_structures:ruined_castle, HEADING, header:ignore, 0, 0, 0
380, minecraft:ruined_portal, HEADING, header:ignore, 0, 0, 0
381, minecraft:ruined_portal_desert, HEADING, header:ignore, 0, 0, 0
382, minecraft:ruined_portal_jungle, HEADING, header:ignore, 0, 0, 0
383, minecraft:ruined_portal_mountain, HEADING, header:ignore, 0, 0, 0
384, minecraft:ruined_portal_nether, HEADING, header:ignore, 0, 0, 0
385, minecraft:ruined_portal_ocean, HEADING, header:ignore, 0, 0, 0
386, minecraft:ruined_portal_swamp, HEADING, header:ignore, 0, 0, 0
387, pumpeddesertremake:ruinhouse_1, HEADING, header:ignore, 0, 0, 0
388, pumpeddesertremake:ruinhouse_2, HEADING, header:ignore, 0, 0, 0
389, glorious_creatures:samurai_temple, HEADING, header:ignore, 0, 0, 0
390, 1_splatus:sanctum, HEADING, header:ignore, 0, 0, 0
391, phenomena:sand_wall, HEADING, header:ignore, 0, 0, 0
392, random_abandonned_structure:savana_tower_a, HEADING, header:ignore, 0, 0, 0
393, compatstructures:sawmill, HEADING, header:ignore, 0, 0, 0
394, dungeons_arise:scorched_mines, HEADING, header:ignore, 0, 0, 0
395, ati_structures:sculk_deposit, HEADING, header:ignore, 0, 0, 0
396, random_abandonned_structure:sheep_fold_a, HEADING, header:ignore, 0, 0, 0
397, minecolonies:ship, HEADING, header:ignore, 0, 0, 0
398, ships:ship, HEADING, header:ignore, 0, 0, 0
399, ships:ship_fleet, HEADING, header:ignore, 0, 0, 0
400, minecraft:shipwreck, HEADING, header:ignore, 0, 0, 0
401, minecraft:shipwreck_beached, HEADING, header:ignore, 0, 0, 0
402, dungeons_arise:shiraz_palace, HEADING, header:ignore, 0, 0, 0
403, minecolonies:shire_colony, HEADING, header:ignore, 0, 0, 0
404, minecolonies:shire_colony, CREATURE, minecraft:cat, 80, 1, 2
405, iter_rpg:shrine_air, HEADING, header:ignore, 0, 0, 0
406, iter_rpg:shrine_earth, HEADING, header:ignore, 0, 0, 0
407, iter_rpg:shrine_fire, HEADING, header:ignore, 0, 0, 0
408, iter_rpg:shrine_void, HEADING, header:ignore, 0, 0, 0
409, iter_rpg:shrine_water, HEADING, header:ignore, 0, 0, 0
410, phenomena:shulker_tower, HEADING, header:ignore, 0, 0, 0
411, ati_structures:silverfish_nest, HEADING, header:ignore, 0, 0, 0
412, ati_structures:sinking_temple, HEADING, header:ignore, 0, 0, 0
413, ati_structures:sinking_temple, MONSTER, minecraft:drowned, 10, 1, 2
414, dungeons_arise:small_blimp, HEADING, header:ignore, 0, 0, 0
415, phenomena:small_bridge, HEADING, header:ignore, 0, 0, 0
416, phenomena:small_bridge_deep, HEADING, header:ignore, 0, 0, 0
417, phenomena:small_bridge_sand, HEADING, header:ignore, 0, 0, 0
418, mss:small_deepslate_house, HEADING, header:ignore, 0, 0, 0
419, ati_structures:small_keep, HEADING, header:ignore, 0, 0, 0
420, nostalgic_structures:small_mossy_pyramid, HEADING, header:ignore, 0, 0, 0
421, mss:small_oak_house, HEADING, header:ignore, 0, 0, 0
422, mss:small_pond, HEADING, header:ignore, 0, 0, 0
423, dungeons_arise:small_prairie_house, HEADING, header:ignore, 0, 0, 0
424, mss:small_tower, HEADING, header:ignore, 0, 0, 0
425, nostalgic_structures:smallbrickpyramid, HEADING, header:ignore, 0, 0, 0
426, terramity:snow_fort, HEADING, header:ignore, 0, 0, 0
427, red:snowy_oracle, HEADING, header:ignore, 0, 0, 0
428, iter_rpg:sorrow_spire, HEADING, header:ignore, 0, 0, 0
429, valhelsia_structures:spawner_dungeon, HEADING, header:ignore, 0, 0, 0
430, valhelsia_structures:spawner_room, HEADING, header:ignore, 0, 0, 0
431, red:sphinx, HEADING, header:ignore, 0, 0, 0
432, ati_structures:spider_nest, HEADING, header:ignore, 0, 0, 0
433, ati_structures:spider_nest, MONSTER, minecraft:spider, 10, 1, 3
434, ati_structures:spider_nest, MONSTER, minecraft:cave_spider, 10, 1, 2
435, phenomena:spooky_cottage, HEADING, header:ignore, 0, 0, 0
436, mss:spruce_huts, HEADING, header:ignore, 0, 0, 0
437, verdantvibes:spruce_overgrown_hut, HEADING, header:ignore, 0, 0, 0
438, philipsbiomefeatures:spruce_wood_logs, HEADING, header:ignore, 0, 0, 0
439, nostalgic_structures:starterhouse, HEADING, header:ignore, 0, 0, 0
440, red:statue, HEADING, header:ignore, 0, 0, 0
441, red:statue2, HEADING, header:ignore, 0, 0, 0
442, ati_structures:steam_house, HEADING, header:ignore, 0, 0, 0
443, philipsbiomefeatures:stone_rocks, HEADING, header:ignore, 0, 0, 0
444, phenomena:stonehenge, HEADING, header:ignore, 0, 0, 0
445, ati_structures:storage_house, HEADING, header:ignore, 0, 0, 0
446, ati_structures:storage_shack, HEADING, header:ignore, 0, 0, 0
447, ati_structures:stray_ruins, HEADING, header:ignore, 0, 0, 0
448, minecraft:stronghold, HEADING, header:ignore, 0, 0, 0
449, terramity:subterranean_shrine, HEADING, header:ignore, 0, 0, 0
450, terramity:suspicious_shrine, HEADING, header:ignore, 0, 0, 0
451, minecraft:swamp_hut, HEADING, header:ignore, 0, 0, 0
452, minecraft:swamp_hut, MONSTER, minecraft:witch, 10, 1, 1
453, red:swamp_pillager, HEADING, header:ignore, 0, 0, 0
454, red:swamp_pillager_mangrove, HEADING, header:ignore, 0, 0, 0
455, terramity:sword_shrine, HEADING, header:ignore, 0, 0, 0
456, mss:taiga, HEADING, header:ignore, 0, 0, 0
457, red:taiga_deforestation, HEADING, header:ignore, 0, 0, 0
458, fbt:tall_battletower, HEADING, header:ignore, 0, 0, 0
459, fbt:tall_battletower2, HEADING, header:ignore, 0, 0, 0
460, world:talltree, HEADING, header:ignore, 0, 0, 0
461, world:talltree_2, HEADING, header:ignore, 0, 0, 0
462, world:talltree_4, HEADING, header:ignore, 0, 0, 0
463, world:tallttree_22, HEADING, header:ignore, 0, 0, 0
464, world:taltreeelfhouses, HEADING, header:ignore, 0, 0, 0
465, ati_structures:tavern, HEADING, header:ignore, 0, 0, 0
466, underground_jungle:temple, HEADING, header:ignore, 0, 0, 0
467, underground_jungle:temple, MONSTER, underground_jungle:mossy_skeleton, 10, 1, 1
468, undead_resurrected:temple_of_souls, HEADING, header:ignore, 0, 0, 0
469, compatstructures:the_well, HEADING, header:ignore, 0, 0, 0
470, dungeons_arise:thornborn_towers, HEADING, header:ignore, 0, 0, 0
471, threateningly_mobs:titan_summon_altar, HEADING, header:ignore, 0, 0, 0
472, ancientsand:tomb, HEADING, header:ignore, 0, 0, 0
473, compatstructures:tool_shelfs, HEADING, header:ignore, 0, 0, 0
474, compatstructures:tower_elevator, HEADING, header:ignore, 0, 0, 0
475, random_abandonned_structure:tower_pillagers, HEADING, header:ignore, 0, 0, 0
476, valhelsia_structures:tower_ruin, HEADING, header:ignore, 0, 0, 0
477, enchanted_villagers:traderof_diamond, HEADING, header:ignore, 0, 0, 0
478, enchanted_villagers:traderof_items, HEADING, header:ignore, 0, 0, 0
479, enchanted_villagers:traderof_spawn_eggs, HEADING, header:ignore, 0, 0, 0
480, pirates:tradersshipentitystructure, HEADING, header:ignore, 0, 0, 0
481, the_pillager_legion_:trading_out_post, HEADING, header:ignore, 0, 0, 0
482, minecraft:trail_ruins, HEADING, header:ignore, 0, 0, 0
483, mss:tree_1, HEADING, header:ignore, 0, 0, 0
484, mss:tree_2, HEADING, header:ignore, 0, 0, 0
485, mss:tree_3, HEADING, header:ignore, 0, 0, 0
486, mss:tree_4, HEADING, header:ignore, 0, 0, 0
487, mss:tree_5, HEADING, header:ignore, 0, 0, 0
488, mss:tree_6, HEADING, header:ignore, 0, 0, 0
489, mss:tree_7, HEADING, header:ignore, 0, 0, 0
490, mss:tree_8, HEADING, header:ignore, 0, 0, 0
491, terramity:trial_spire, HEADING, header:ignore, 0, 0, 0
492, world:tt_3, HEADING, header:ignore, 0, 0, 0
493, nostalgic_structures:tutorialhouse, HEADING, header:ignore, 0, 0, 0
494, dungeons_arise:typhon, HEADING, header:ignore, 0, 0, 0
495, mowziesmobs:umvuthana_grove, HEADING, header:ignore, 0, 0, 0
496, dungeons_arise:undead_pirate_ship, HEADING, header:ignore, 0, 0, 0
497, the_pillager_legion_:under_struct_1, HEADING, header:ignore, 0, 0, 0
498, the_pillager_legion_:under_struct_2, HEADING, header:ignore, 0, 0, 0
499, the_pillager_legion_:under_struct_3, HEADING, header:ignore, 0, 0, 0
500, the_pillager_legion_:under_struct_4, HEADING, header:ignore, 0, 0, 0
501, the_pillager_legion_:under_struct_5, HEADING, header:ignore, 0, 0, 0
502, the_pillager_legion_:under_struct_6, HEADING, header:ignore, 0, 0, 0
503, the_pillager_legion_:under_struct_monster_desert_1, HEADING, header:ignore, 0, 0, 0
504, the_pillager_legion_:under_struct_monster_desert_2, HEADING, header:ignore, 0, 0, 0
505, the_pillager_legion_:under_struct_tunnel_horizontal_1, HEADING, header:ignore, 0, 0, 0
506, the_pillager_legion_:under_struct_tunnel_horizontal_2, HEADING, header:ignore, 0, 0, 0
507, the_pillager_legion_:under_struct_tunnel_horizontal_3, HEADING, header:ignore, 0, 0, 0
508, the_pillager_legion_:under_struct_tunnel_vertical_1, HEADING, header:ignore, 0, 0, 0
509, the_pillager_legion_:under_struct_tunnel_vertical_2, HEADING, header:ignore, 0, 0, 0
510, the_pillager_legion_:under_struct_tunnel_vertical_3, HEADING, header:ignore, 0, 0, 0
511, the_pillager_legion_:under_struct_tunnel_vertical_4, HEADING, header:ignore, 0, 0, 0
512, ati_structures:underground_monument, HEADING, header:ignore, 0, 0, 0
513, threateningly_mobs:underwater_altar, HEADING, header:ignore, 0, 0, 0
514, ati_structures:underwater_dungeon, HEADING, header:ignore, 0, 0, 0
515, ati_structures:underwater_dungeon, MONSTER, minecraft:drowned, 10, 1, 2
516, ati_structures:underwater_dungeon, MONSTER, minecraft:guardian, 10, 1, 2
517, alekiships:unfinished_rowboat_birch, HEADING, header:ignore, 0, 0, 0
518, alekiships:unfinished_rowboat_cherry, HEADING, header:ignore, 0, 0, 0
519, alekiships:unfinished_rowboat_dark_oak, HEADING, header:ignore, 0, 0, 0
520, alekiships:unfinished_rowboat_oak, HEADING, header:ignore, 0, 0, 0
521, alekiships:unfinished_rowboat_spruce, HEADING, header:ignore, 0, 0, 0
522, alekiships:unfinished_sloop_birch, HEADING, header:ignore, 0, 0, 0
523, alekiships:unfinished_sloop_cherry, HEADING, header:ignore, 0, 0, 0
524, alekiships:unfinished_sloop_dark_oak, HEADING, header:ignore, 0, 0, 0
525, alekiships:unfinished_sloop_oak, HEADING, header:ignore, 0, 0, 0
526, alekiships:unfinished_sloop_spruce, HEADING, header:ignore, 0, 0, 0
527, mortality:uvogre_village, HEADING, header:ignore, 0, 0, 0
528, valarian_conquest:valariancastle, HEADING, header:ignore, 0, 0, 0
529, valarian_conquest:valarianfort, HEADING, header:ignore, 0, 0, 0
530, valarian_conquest:valarianoutpost, HEADING, header:ignore, 0, 0, 0
531, phenomena:village/village_campsite, HEADING, header:ignore, 0, 0, 0
532, minecraft:village_desert, HEADING, header:ignore, 0, 0, 0
533, minecraft:village_plains, HEADING, header:ignore, 0, 0, 0
534, minecraft:village_savanna, HEADING, header:ignore, 0, 0, 0
535, minecraft:village_snowy, HEADING, header:ignore, 0, 0, 0
536, minecraft:village_taiga, HEADING, header:ignore, 0, 0, 0
537, ati_structures:villager_inn, HEADING, header:ignore, 0, 0, 0
538, enchanted_villagers:villagerofnature, HEADING, header:ignore, 0, 0, 0
539, valarian_conquest:visgothiancastle, HEADING, header:ignore, 0, 0, 0
540, valarian_conquest:visgothianoutpost, HEADING, header:ignore, 0, 0, 0
541, bosses_of_mass_destruction:void_blossom, HEADING, header:ignore, 0, 0, 0
542, mss:volcano, HEADING, header:ignore, 0, 0, 0
543, minecraft:volcano_fortress, HEADING, header:ignore, 0, 0, 0
544, minecraft:volcano_fortress, MONSTER, minecraft:vindicator, 30, 1, 8
545, phenomena:wall, HEADING, header:ignore, 0, 0, 0
546, ati_structures:warden_monument, HEADING, header:ignore, 0, 0, 0
547, minecolonies:warpednetherlands_colony, HEADING, header:ignore, 0, 0, 0
548, minecolonies:warpednetherlands_colony, CREATURE, minecraft:cat, 80, 1, 2
549, phenomena:watchtower, HEADING, header:ignore, 0, 0, 0
550, supplementaries:way_sign, HEADING, header:ignore, 0, 0, 0
551, mss:white_house, HEADING, header:ignore, 0, 0, 0
552, dungeons_arise:wishing_well, HEADING, header:ignore, 0, 0, 0
553, phenomena:witch_hut, HEADING, header:ignore, 0, 0, 0
554, valhelsia_structures:witch_hut, HEADING, header:ignore, 0, 0, 0
555, valhelsia_structures:witch_hut, MONSTER, minecraft:witch, 10, 1, 1
556, valhelsia_structures:witch_hut, CREATURE, minecraft:cat, 10, 1, 1
557, ati_structures:wither_cavern, HEADING, header:ignore, 0, 0, 0
558, ati_structures:wither_keep, HEADING, header:ignore, 0, 0, 0
559, ati_structures:woodland_keep, HEADING, header:ignore, 0, 0, 0
560, mowziesmobs:wrought_chamber, HEADING, header:ignore, 0, 0, 0
